Component: ARM Compiler 5.06 update 6 (build 750) Tool: armlink [4d35ed]

==============================================================================

Section Cross References

    startup.o(STACK) refers (Special) to heapauxi.o(.text) for __use_two_region_memory
    startup.o(HEAP) refers (Special) to heapauxi.o(.text) for __use_two_region_memory
    startup.o(RESET) refers (Special) to heapauxi.o(.text) for __use_two_region_memory
    startup.o(RESET) refers to startup.o(STACK) for StackMem
    startup.o(RESET) refers to periodicsystickints.o(i.SysTick_Handler) for SysTick_Handler
    startup.o(RESET) refers to __main.o(!!!main) for __main
    startup.o(.text) refers (Special) to heapauxi.o(.text) for __use_two_region_memory
    startup.o(.text) refers to startup.o(HEAP) for HeapMem
    startup.o(.text) refers to startup.o(STACK) for StackMem
    periodicsystickints.o(i.DrawTime) refers to periodicsystickints.o(i.ST7735_SetCursor) for ST7735_SetCursor
    periodicsystickints.o(i.DrawTime) refers to periodicsystickints.o(i.ST7735_OutUDec) for ST7735_OutUDec
    periodicsystickints.o(i.DrawTime) refers to periodicsystickints.o(i.ST7735_OutString) for ST7735_OutString
    periodicsystickints.o(i.DrawTime) refers to periodicsystickints.o(.data) for HrY2
    periodicsystickints.o(i.Output_Clear) refers to periodicsystickints.o(i.ST7735_FillScreen) for ST7735_FillScreen
    periodicsystickints.o(i.Output_Color) refers to periodicsystickints.o(i.ST7735_SetTextColor) for ST7735_SetTextColor
    periodicsystickints.o(i.Output_Init) refers to periodicsystickints.o(i.ST7735_InitR) for ST7735_InitR
    periodicsystickints.o(i.Output_Init) refers to periodicsystickints.o(i.ST7735_FillScreen) for ST7735_FillScreen
    periodicsystickints.o(i.Output_Off) refers to periodicsystickints.o(i.Output_Clear) for Output_Clear
    periodicsystickints.o(i.Output_On) refers to periodicsystickints.o(i.Output_Init) for Output_Init
    periodicsystickints.o(i.ST7735_DrawBitmap) refers to periodicsystickints.o(i.setAddrWindow) for setAddrWindow
    periodicsystickints.o(i.ST7735_DrawBitmap) refers to periodicsystickints.o(i.writedata) for writedata
    periodicsystickints.o(i.ST7735_DrawBitmap) refers to periodicsystickints.o(i.deselect) for deselect
    periodicsystickints.o(i.ST7735_DrawBitmap) refers to periodicsystickints.o(.data) for _width
    periodicsystickints.o(i.ST7735_DrawChar) refers to periodicsystickints.o(i.setAddrWindow) for setAddrWindow
    periodicsystickints.o(i.ST7735_DrawChar) refers to periodicsystickints.o(i.pushColor) for pushColor
    periodicsystickints.o(i.ST7735_DrawChar) refers to periodicsystickints.o(i.deselect) for deselect
    periodicsystickints.o(i.ST7735_DrawChar) refers to periodicsystickints.o(.data) for _width
    periodicsystickints.o(i.ST7735_DrawChar) refers to periodicsystickints.o(.constdata) for Font
    periodicsystickints.o(i.ST7735_DrawCharS) refers to periodicsystickints.o(i.ST7735_DrawPixel) for ST7735_DrawPixel
    periodicsystickints.o(i.ST7735_DrawCharS) refers to periodicsystickints.o(i.ST7735_FillRect) for ST7735_FillRect
    periodicsystickints.o(i.ST7735_DrawCharS) refers to periodicsystickints.o(.data) for _width
    periodicsystickints.o(i.ST7735_DrawCharS) refers to periodicsystickints.o(.constdata) for Font
    periodicsystickints.o(i.ST7735_DrawCircle) refers to periodicsystickints.o(i.setAddrWindow) for setAddrWindow
    periodicsystickints.o(i.ST7735_DrawCircle) refers to periodicsystickints.o(i.writedata) for writedata
    periodicsystickints.o(i.ST7735_DrawCircle) refers to periodicsystickints.o(i.deselect) for deselect
    periodicsystickints.o(i.ST7735_DrawCircle) refers to periodicsystickints.o(.data) for _width
    periodicsystickints.o(i.ST7735_DrawCircle) refers to periodicsystickints.o(.constdata) for circle
    periodicsystickints.o(i.ST7735_DrawFastHLine) refers to periodicsystickints.o(i.setAddrWindow) for setAddrWindow
    periodicsystickints.o(i.ST7735_DrawFastHLine) refers to periodicsystickints.o(i.writedata) for writedata
    periodicsystickints.o(i.ST7735_DrawFastHLine) refers to periodicsystickints.o(i.deselect) for deselect
    periodicsystickints.o(i.ST7735_DrawFastHLine) refers to periodicsystickints.o(.data) for _width
    periodicsystickints.o(i.ST7735_DrawFastVLine) refers to periodicsystickints.o(i.setAddrWindow) for setAddrWindow
    periodicsystickints.o(i.ST7735_DrawFastVLine) refers to periodicsystickints.o(i.writedata) for writedata
    periodicsystickints.o(i.ST7735_DrawFastVLine) refers to periodicsystickints.o(i.deselect) for deselect
    periodicsystickints.o(i.ST7735_DrawFastVLine) refers to periodicsystickints.o(.data) for _width
    periodicsystickints.o(i.ST7735_DrawPixel) refers to periodicsystickints.o(i.setAddrWindow) for setAddrWindow
    periodicsystickints.o(i.ST7735_DrawPixel) refers to periodicsystickints.o(i.pushColor) for pushColor
    periodicsystickints.o(i.ST7735_DrawPixel) refers to periodicsystickints.o(i.deselect) for deselect
    periodicsystickints.o(i.ST7735_DrawPixel) refers to periodicsystickints.o(.data) for _width
    periodicsystickints.o(i.ST7735_DrawSmallCircle) refers to periodicsystickints.o(i.setAddrWindow) for setAddrWindow
    periodicsystickints.o(i.ST7735_DrawSmallCircle) refers to periodicsystickints.o(i.writedata) for writedata
    periodicsystickints.o(i.ST7735_DrawSmallCircle) refers to periodicsystickints.o(i.deselect) for deselect
    periodicsystickints.o(i.ST7735_DrawSmallCircle) refers to periodicsystickints.o(.data) for _width
    periodicsystickints.o(i.ST7735_DrawSmallCircle) refers to periodicsystickints.o(.constdata) for smallCircle
    periodicsystickints.o(i.ST7735_DrawString) refers to periodicsystickints.o(i.ST7735_DrawCharS) for ST7735_DrawCharS
    periodicsystickints.o(i.ST7735_FillRect) refers to periodicsystickints.o(i.setAddrWindow) for setAddrWindow
    periodicsystickints.o(i.ST7735_FillRect) refers to periodicsystickints.o(i.writedata) for writedata
    periodicsystickints.o(i.ST7735_FillRect) refers to periodicsystickints.o(i.deselect) for deselect
    periodicsystickints.o(i.ST7735_FillRect) refers to periodicsystickints.o(.data) for _width
    periodicsystickints.o(i.ST7735_FillScreen) refers to periodicsystickints.o(i.ST7735_FillRect) for ST7735_FillRect
    periodicsystickints.o(i.ST7735_FillScreen) refers to periodicsystickints.o(.data) for _height
    periodicsystickints.o(i.ST7735_InitB) refers to periodicsystickints.o(i.commonInit) for commonInit
    periodicsystickints.o(i.ST7735_InitB) refers to periodicsystickints.o(i.ST7735_SetCursor) for ST7735_SetCursor
    periodicsystickints.o(i.ST7735_InitB) refers to periodicsystickints.o(i.ST7735_FillScreen) for ST7735_FillScreen
    periodicsystickints.o(i.ST7735_InitB) refers to periodicsystickints.o(.constdata) for Bcmd
    periodicsystickints.o(i.ST7735_InitB) refers to periodicsystickints.o(.data) for StTextColor
    periodicsystickints.o(i.ST7735_InitR) refers to periodicsystickints.o(i.commonInit) for commonInit
    periodicsystickints.o(i.ST7735_InitR) refers to periodicsystickints.o(i.commandList) for commandList
    periodicsystickints.o(i.ST7735_InitR) refers to periodicsystickints.o(i.writecommand) for writecommand
    periodicsystickints.o(i.ST7735_InitR) refers to periodicsystickints.o(i.writedata) for writedata
    periodicsystickints.o(i.ST7735_InitR) refers to periodicsystickints.o(i.ST7735_SetCursor) for ST7735_SetCursor
    periodicsystickints.o(i.ST7735_InitR) refers to periodicsystickints.o(i.ST7735_FillScreen) for ST7735_FillScreen
    periodicsystickints.o(i.ST7735_InitR) refers to periodicsystickints.o(.constdata) for Rcmd1
    periodicsystickints.o(i.ST7735_InitR) refers to periodicsystickints.o(.data) for ColStart
    periodicsystickints.o(i.ST7735_InvertDisplay) refers to periodicsystickints.o(i.writecommand) for writecommand
    periodicsystickints.o(i.ST7735_InvertDisplay) refers to periodicsystickints.o(i.deselect) for deselect
    periodicsystickints.o(i.ST7735_OutChar) refers to periodicsystickints.o(i.ST7735_DrawString) for ST7735_DrawString
    periodicsystickints.o(i.ST7735_OutChar) refers to periodicsystickints.o(i.ST7735_DrawCharS) for ST7735_DrawCharS
    periodicsystickints.o(i.ST7735_OutChar) refers to periodicsystickints.o(.data) for StY
    periodicsystickints.o(i.ST7735_OutString) refers to periodicsystickints.o(i.ST7735_OutChar) for ST7735_OutChar
    periodicsystickints.o(i.ST7735_OutUDec) refers to periodicsystickints.o(i.fillmessage) for fillmessage
    periodicsystickints.o(i.ST7735_OutUDec) refers to periodicsystickints.o(i.ST7735_DrawString) for ST7735_DrawString
    periodicsystickints.o(i.ST7735_OutUDec) refers to periodicsystickints.o(i.ST7735_DrawCharS) for ST7735_DrawCharS
    periodicsystickints.o(i.ST7735_OutUDec) refers to periodicsystickints.o(.data) for Messageindex
    periodicsystickints.o(i.ST7735_OutUDec) refers to periodicsystickints.o(.bss) for Message
    periodicsystickints.o(i.ST7735_PlotBar) refers to periodicsystickints.o(i.ST7735_DrawFastVLine) for ST7735_DrawFastVLine
    periodicsystickints.o(i.ST7735_PlotBar) refers to periodicsystickints.o(.data) for Ymin
    periodicsystickints.o(i.ST7735_PlotClear) refers to periodicsystickints.o(i.ST7735_Color565) for ST7735_Color565
    periodicsystickints.o(i.ST7735_PlotClear) refers to periodicsystickints.o(i.ST7735_FillRect) for ST7735_FillRect
    periodicsystickints.o(i.ST7735_PlotClear) refers to periodicsystickints.o(.data) for Ymax
    periodicsystickints.o(i.ST7735_PlotLine) refers to periodicsystickints.o(i.ST7735_DrawPixel) for ST7735_DrawPixel
    periodicsystickints.o(i.ST7735_PlotLine) refers to periodicsystickints.o(.data) for Ymin
    periodicsystickints.o(i.ST7735_PlotNext) refers to periodicsystickints.o(.data) for X
    periodicsystickints.o(i.ST7735_PlotNextErase) refers to periodicsystickints.o(i.ST7735_Color565) for ST7735_Color565
    periodicsystickints.o(i.ST7735_PlotNextErase) refers to periodicsystickints.o(i.ST7735_DrawFastVLine) for ST7735_DrawFastVLine
    periodicsystickints.o(i.ST7735_PlotNextErase) refers to periodicsystickints.o(.data) for X
    periodicsystickints.o(i.ST7735_PlotPoint) refers to periodicsystickints.o(i.ST7735_DrawPixel) for ST7735_DrawPixel
    periodicsystickints.o(i.ST7735_PlotPoint) refers to periodicsystickints.o(.data) for Ymin
    periodicsystickints.o(i.ST7735_PlotPoints) refers to periodicsystickints.o(i.ST7735_DrawPixel) for ST7735_DrawPixel
    periodicsystickints.o(i.ST7735_PlotPoints) refers to periodicsystickints.o(.data) for Ymin
    periodicsystickints.o(i.ST7735_PlotdBfs) refers to periodicsystickints.o(i.ST7735_DrawFastVLine) for ST7735_DrawFastVLine
    periodicsystickints.o(i.ST7735_PlotdBfs) refers to periodicsystickints.o(.constdata) for dBfs
    periodicsystickints.o(i.ST7735_PlotdBfs) refers to periodicsystickints.o(.data) for X
    periodicsystickints.o(i.ST7735_SetCursor) refers to periodicsystickints.o(.data) for StX
    periodicsystickints.o(i.ST7735_SetRotation) refers to periodicsystickints.o(i.writecommand) for writecommand
    periodicsystickints.o(i.ST7735_SetRotation) refers to periodicsystickints.o(i.writedata) for writedata
    periodicsystickints.o(i.ST7735_SetRotation) refers to periodicsystickints.o(i.deselect) for deselect
    periodicsystickints.o(i.ST7735_SetRotation) refers to periodicsystickints.o(.data) for Rotation
    periodicsystickints.o(i.ST7735_SetTextColor) refers to periodicsystickints.o(.data) for StTextColor
    periodicsystickints.o(i.SysTick_Handler) refers to periodicsystickints.o(i.DrawTime) for DrawTime
    periodicsystickints.o(i.SysTick_Handler) refers to periodicsystickints.o(.data) for Counts
    periodicsystickints.o(i.commandList) refers to periodicsystickints.o(i.writecommand) for writecommand
    periodicsystickints.o(i.commandList) refers to periodicsystickints.o(i.writedata) for writedata
    periodicsystickints.o(i.commandList) refers to periodicsystickints.o(i.Delay1ms) for Delay1ms
    periodicsystickints.o(i.commonInit) refers to periodicsystickints.o(i.Delay1ms) for Delay1ms
    periodicsystickints.o(i.commonInit) refers to periodicsystickints.o(i.commandList) for commandList
    periodicsystickints.o(i.commonInit) refers to periodicsystickints.o(.data) for RowStart
    periodicsystickints.o(i.fillmessage) refers to periodicsystickints.o(.bss) for Message
    periodicsystickints.o(i.fillmessage) refers to periodicsystickints.o(.data) for Messageindex
    periodicsystickints.o(i.fputc) refers to periodicsystickints.o(i.ST7735_OutChar) for ST7735_OutChar
    periodicsystickints.o(i.initLCD) refers to periodicsystickints.o(i.ST7735_InitR) for ST7735_InitR
    periodicsystickints.o(i.initLCD) refers to periodicsystickints.o(i.ST7735_PlotClear) for ST7735_PlotClear
    periodicsystickints.o(i.initLCD) refers to periodicsystickints.o(i.ST7735_DrawBitmap) for ST7735_DrawBitmap
    periodicsystickints.o(i.initLCD) refers to periodicsystickints.o(.constdata) for watchface
    periodicsystickints.o(i.initLCD) refers to periodicsystickints.o(.data) for HrX1
    periodicsystickints.o(i.main) refers to pll.o(i.PLL_Init) for PLL_Init
    periodicsystickints.o(i.main) refers to systickints.o(i.SysTick_Init) for SysTick_Init
    periodicsystickints.o(i.main) refers to startup.o(.text) for EnableInterrupts
    periodicsystickints.o(i.main) refers to periodicsystickints.o(i.initLCD) for initLCD
    periodicsystickints.o(i.main) refers to periodicsystickints.o(i.DrawTime) for DrawTime
    periodicsystickints.o(i.main) refers to periodicsystickints.o(.data) for Counts
    periodicsystickints.o(i.pushColor) refers to periodicsystickints.o(i.writedata) for writedata
    periodicsystickints.o(i.setAddrWindow) refers to periodicsystickints.o(i.writecommand) for writecommand
    periodicsystickints.o(i.setAddrWindow) refers to periodicsystickints.o(i.writedata) for writedata
    periodicsystickints.o(i.setAddrWindow) refers to periodicsystickints.o(.data) for ColStart
    systickints.o(i.SysTick_Init) refers to startup.o(.text) for StartCritical
    __main.o(!!!main) refers to __rtentry.o(.ARM.Collect$$rtentry$$00000000) for __rt_entry
    __rtentry.o(.ARM.Collect$$rtentry$$00000000) refers (Special) to __rtentry2.o(.ARM.Collect$$rtentry$$0000000A) for __rt_entry_li
    __rtentry.o(.ARM.Collect$$rtentry$$00000000) refers (Special) to __rtentry2.o(.ARM.Collect$$rtentry$$0000000D) for __rt_entry_main
    __rtentry.o(.ARM.Collect$$rtentry$$00000000) refers (Special) to __rtentry2.o(.ARM.Collect$$rtentry$$0000000C) for __rt_entry_postli_1
    __rtentry.o(.ARM.Collect$$rtentry$$00000000) refers (Special) to __rtentry2.o(.ARM.Collect$$rtentry$$00000009) for __rt_entry_postsh_1
    __rtentry.o(.ARM.Collect$$rtentry$$00000000) refers (Special) to __rtentry2.o(.ARM.Collect$$rtentry$$00000002) for __rt_entry_presh_1
    __rtentry.o(.ARM.Collect$$rtentry$$00000000) refers (Special) to __rtentry4.o(.ARM.Collect$$rtentry$$00000004) for __rt_entry_sh
    __rtentry2.o(.ARM.Collect$$rtentry$$00000008) refers to boardinit2.o(.text) for _platform_post_stackheap_init
    __rtentry2.o(.ARM.Collect$$rtentry$$0000000A) refers to libinit.o(.ARM.Collect$$libinit$$00000000) for __rt_lib_init
    __rtentry2.o(.ARM.Collect$$rtentry$$0000000B) refers to boardinit3.o(.text) for _platform_post_lib_init
    __rtentry2.o(.ARM.Collect$$rtentry$$0000000D) refers to periodicsystickints.o(i.main) for main
    __rtentry2.o(.ARM.Collect$$rtentry$$0000000D) refers to exit.o(.text) for exit
    __rtentry2.o(.ARM.exidx) refers to __rtentry2.o(.ARM.Collect$$rtentry$$00000001) for .ARM.Collect$$rtentry$$00000001
    __rtentry2.o(.ARM.exidx) refers to __rtentry2.o(.ARM.Collect$$rtentry$$00000008) for .ARM.Collect$$rtentry$$00000008
    __rtentry2.o(.ARM.exidx) refers to __rtentry2.o(.ARM.Collect$$rtentry$$0000000A) for .ARM.Collect$$rtentry$$0000000A
    __rtentry2.o(.ARM.exidx) refers to __rtentry2.o(.ARM.Collect$$rtentry$$0000000B) for .ARM.Collect$$rtentry$$0000000B
    __rtentry2.o(.ARM.exidx) refers to __rtentry2.o(.ARM.Collect$$rtentry$$0000000D) for .ARM.Collect$$rtentry$$0000000D
    __rtentry4.o(.ARM.Collect$$rtentry$$00000004) refers to sys_stackheap_outer.o(.text) for __user_setup_stackheap
    __rtentry4.o(.ARM.exidx) refers to __rtentry4.o(.ARM.Collect$$rtentry$$00000004) for .ARM.Collect$$rtentry$$00000004
    sys_stackheap_outer.o(.text) refers to libspace.o(.text) for __user_perproc_libspace
    sys_stackheap_outer.o(.text) refers to startup.o(.text) for __user_initial_stackheap
    exit.o(.text) refers to rtexit.o(.ARM.Collect$$rtexit$$00000000) for __rt_exit
    libinit.o(.ARM.Collect$$libinit$$00000000) refers (Special) to libinit2.o(.ARM.Collect$$libinit$$0000002E) for __rt_lib_init_alloca_1
    libinit.o(.ARM.Collect$$libinit$$00000000) refers (Special) to libinit2.o(.ARM.Collect$$libinit$$0000002C) for __rt_lib_init_argv_1
    libinit.o(.ARM.Collect$$libinit$$00000000) refers (Special) to libinit2.o(.ARM.Collect$$libinit$$0000001B) for __rt_lib_init_atexit_1
    libinit.o(.ARM.Collect$$libinit$$00000000) refers (Special) to libinit2.o(.ARM.Collect$$libinit$$00000021) for __rt_lib_init_clock_1
    libinit.o(.ARM.Collect$$libinit$$00000000) refers (Special) to libinit2.o(.ARM.Collect$$libinit$$00000032) for __rt_lib_init_cpp_1
    libinit.o(.ARM.Collect$$libinit$$00000000) refers (Special) to libinit2.o(.ARM.Collect$$libinit$$00000030) for __rt_lib_init_exceptions_1
    libinit.o(.ARM.Collect$$libinit$$00000000) refers (Special) to libinit2.o(.ARM.Collect$$libinit$$00000002) for __rt_lib_init_fp_1
    libinit.o(.ARM.Collect$$libinit$$00000000) refers (Special) to libinit2.o(.ARM.Collect$$libinit$$0000001F) for __rt_lib_init_fp_trap_1
    libinit.o(.ARM.Collect$$libinit$$00000000) refers (Special) to libinit2.o(.ARM.Collect$$libinit$$00000023) for __rt_lib_init_getenv_1
    libinit.o(.ARM.Collect$$libinit$$00000000) refers (Special) to libinit2.o(.ARM.Collect$$libinit$$0000000A) for __rt_lib_init_heap_1
    libinit.o(.ARM.Collect$$libinit$$00000000) refers (Special) to libinit2.o(.ARM.Collect$$libinit$$00000011) for __rt_lib_init_lc_collate_1
    libinit.o(.ARM.Collect$$libinit$$00000000) refers (Special) to libinit2.o(.ARM.Collect$$libinit$$00000013) for __rt_lib_init_lc_ctype_1
    libinit.o(.ARM.Collect$$libinit$$00000000) refers (Special) to libinit2.o(.ARM.Collect$$libinit$$00000015) for __rt_lib_init_lc_monetary_1
    libinit.o(.ARM.Collect$$libinit$$00000000) refers (Special) to libinit2.o(.ARM.Collect$$libinit$$00000017) for __rt_lib_init_lc_numeric_1
    libinit.o(.ARM.Collect$$libinit$$00000000) refers (Special) to libinit2.o(.ARM.Collect$$libinit$$00000019) for __rt_lib_init_lc_time_1
    libinit.o(.ARM.Collect$$libinit$$00000000) refers (Special) to libinit2.o(.ARM.Collect$$libinit$$00000004) for __rt_lib_init_preinit_1
    libinit.o(.ARM.Collect$$libinit$$00000000) refers (Special) to libinit2.o(.ARM.Collect$$libinit$$0000000E) for __rt_lib_init_rand_1
    libinit.o(.ARM.Collect$$libinit$$00000000) refers (Special) to libinit2.o(.ARM.Collect$$libinit$$00000033) for __rt_lib_init_return
    libinit.o(.ARM.Collect$$libinit$$00000000) refers (Special) to libinit2.o(.ARM.Collect$$libinit$$0000001D) for __rt_lib_init_signal_1
    libinit.o(.ARM.Collect$$libinit$$00000000) refers (Special) to libinit2.o(.ARM.Collect$$libinit$$00000025) for __rt_lib_init_stdio_1
    libinit.o(.ARM.Collect$$libinit$$00000000) refers (Special) to libinit2.o(.ARM.Collect$$libinit$$0000000C) for __rt_lib_init_user_alloc_1
    libspace.o(.text) refers to libspace.o(.bss) for __libspace_start
    rtexit.o(.ARM.Collect$$rtexit$$00000000) refers (Special) to rtexit2.o(.ARM.Collect$$rtexit$$00000004) for __rt_exit_exit
    rtexit.o(.ARM.Collect$$rtexit$$00000000) refers (Special) to rtexit2.o(.ARM.Collect$$rtexit$$00000003) for __rt_exit_ls
    rtexit.o(.ARM.Collect$$rtexit$$00000000) refers (Special) to rtexit2.o(.ARM.Collect$$rtexit$$00000002) for __rt_exit_prels_1
    rtexit.o(.ARM.exidx) refers (Special) to rtexit2.o(.ARM.Collect$$rtexit$$00000004) for __rt_exit_exit
    rtexit.o(.ARM.exidx) refers (Special) to rtexit2.o(.ARM.Collect$$rtexit$$00000003) for __rt_exit_ls
    rtexit.o(.ARM.exidx) refers (Special) to rtexit2.o(.ARM.Collect$$rtexit$$00000002) for __rt_exit_prels_1
    rtexit.o(.ARM.exidx) refers to rtexit.o(.ARM.Collect$$rtexit$$00000000) for .ARM.Collect$$rtexit$$00000000
    libinit2.o(.ARM.Collect$$libinit$$00000010) refers to libinit2.o(.ARM.Collect$$libinit$$0000000F) for .ARM.Collect$$libinit$$0000000F
    libinit2.o(.ARM.Collect$$libinit$$00000012) refers to libinit2.o(.ARM.Collect$$libinit$$0000000F) for .ARM.Collect$$libinit$$0000000F
    libinit2.o(.ARM.Collect$$libinit$$00000014) refers to libinit2.o(.ARM.Collect$$libinit$$0000000F) for .ARM.Collect$$libinit$$0000000F
    libinit2.o(.ARM.Collect$$libinit$$00000016) refers to libinit2.o(.ARM.Collect$$libinit$$0000000F) for .ARM.Collect$$libinit$$0000000F
    libinit2.o(.ARM.Collect$$libinit$$00000018) refers to libinit2.o(.ARM.Collect$$libinit$$0000000F) for .ARM.Collect$$libinit$$0000000F
    libinit2.o(.ARM.Collect$$libinit$$00000026) refers to argv_veneer.o(.emb_text) for __ARM_argv_veneer
    libinit2.o(.ARM.Collect$$libinit$$00000027) refers to argv_veneer.o(.emb_text) for __ARM_argv_veneer
    rtexit2.o(.ARM.Collect$$rtexit$$00000003) refers to libshutdown.o(.ARM.Collect$$libshutdown$$00000000) for __rt_lib_shutdown
    rtexit2.o(.ARM.Collect$$rtexit$$00000004) refers to sys_exit.o(.text) for _sys_exit
    rtexit2.o(.ARM.exidx) refers to rtexit2.o(.ARM.Collect$$rtexit$$00000001) for .ARM.Collect$$rtexit$$00000001
    rtexit2.o(.ARM.exidx) refers to rtexit2.o(.ARM.Collect$$rtexit$$00000003) for .ARM.Collect$$rtexit$$00000003
    rtexit2.o(.ARM.exidx) refers to rtexit2.o(.ARM.Collect$$rtexit$$00000004) for .ARM.Collect$$rtexit$$00000004
    argv_veneer.o(.emb_text) refers to no_argv.o(.text) for __ARM_get_argv
    sys_exit.o(.text) refers (Special) to use_no_semi.o(.text) for __I$use$semihosting
    sys_exit.o(.text) refers (Special) to indicate_semi.o(.text) for __semihosting_library_function
    _get_argv_nomalloc.o(.text) refers (Special) to hrguard.o(.text) for __heap_region$guard
    _get_argv_nomalloc.o(.text) refers to defsig_rtmem_outer.o(.text) for __rt_SIGRTMEM
    _get_argv_nomalloc.o(.text) refers to sys_command.o(.text) for _sys_command_string
    libshutdown.o(.ARM.Collect$$libshutdown$$00000000) refers (Special) to libshutdown2.o(.ARM.Collect$$libshutdown$$00000002) for __rt_lib_shutdown_cpp_1
    libshutdown.o(.ARM.Collect$$libshutdown$$00000000) refers (Special) to libshutdown2.o(.ARM.Collect$$libshutdown$$00000007) for __rt_lib_shutdown_fp_trap_1
    libshutdown.o(.ARM.Collect$$libshutdown$$00000000) refers (Special) to libshutdown2.o(.ARM.Collect$$libshutdown$$0000000F) for __rt_lib_shutdown_heap_1
    libshutdown.o(.ARM.Collect$$libshutdown$$00000000) refers (Special) to libshutdown2.o(.ARM.Collect$$libshutdown$$00000010) for __rt_lib_shutdown_return
    libshutdown.o(.ARM.Collect$$libshutdown$$00000000) refers (Special) to libshutdown2.o(.ARM.Collect$$libshutdown$$0000000A) for __rt_lib_shutdown_signal_1
    libshutdown.o(.ARM.Collect$$libshutdown$$00000000) refers (Special) to libshutdown2.o(.ARM.Collect$$libshutdown$$00000004) for __rt_lib_shutdown_stdio_1
    libshutdown.o(.ARM.Collect$$libshutdown$$00000000) refers (Special) to libshutdown2.o(.ARM.Collect$$libshutdown$$0000000C) for __rt_lib_shutdown_user_alloc_1
    sys_command.o(.text) refers (Special) to use_no_semi.o(.text) for __I$use$semihosting
    sys_command.o(.text) refers (Special) to indicate_semi.o(.text) for __semihosting_library_function
    defsig_rtmem_outer.o(.text) refers to defsig_rtmem_inner.o(.text) for __rt_SIGRTMEM_inner
    defsig_rtmem_outer.o(.text) refers to defsig_exit.o(.text) for __sig_exit
    defsig_rtmem_formal.o(.text) refers to rt_raise.o(.text) for __rt_raise
    rt_raise.o(.text) refers to __raise.o(.text) for __raise
    rt_raise.o(.text) refers to sys_exit.o(.text) for _sys_exit
    defsig_exit.o(.text) refers to sys_exit.o(.text) for _sys_exit
    defsig_rtmem_inner.o(.text) refers to defsig_general.o(.text) for __default_signal_display
    __raise.o(.text) refers to defsig.o(CL$$defsig) for __default_signal_handler
    defsig_general.o(.text) refers to sys_wrch.o(.text) for _ttywrch
    sys_wrch.o(.text) refers (Special) to use_no_semi.o(.text) for __I$use$semihosting
    sys_wrch.o(.text) refers (Special) to indicate_semi.o(.text) for __semihosting_library_function
    defsig.o(CL$$defsig) refers to defsig_rtmem_inner.o(.text) for __rt_SIGRTMEM_inner
    defsig_abrt_inner.o(.text) refers to defsig_general.o(.text) for __default_signal_display
    defsig_fpe_inner.o(.text) refers to defsig_general.o(.text) for __default_signal_display
    defsig_rtred_inner.o(.text) refers to defsig_general.o(.text) for __default_signal_display
    defsig_stak_inner.o(.text) refers to defsig_general.o(.text) for __default_signal_display
    defsig_pvfn_inner.o(.text) refers to defsig_general.o(.text) for __default_signal_display
    defsig_cppl_inner.o(.text) refers to defsig_general.o(.text) for __default_signal_display
    defsig_segv_inner.o(.text) refers to defsig_general.o(.text) for __default_signal_display
    defsig_other.o(.text) refers to defsig_general.o(.text) for __default_signal_display


==============================================================================

Removing Unused input sections from the image.

    Removing periodicsystickints.o(i.Output_Clear), (10 bytes).
    Removing periodicsystickints.o(i.Output_Color), (12 bytes).
    Removing periodicsystickints.o(i.Output_Init), (16 bytes).
    Removing periodicsystickints.o(i.Output_Off), (8 bytes).
    Removing periodicsystickints.o(i.Output_On), (8 bytes).
    Removing periodicsystickints.o(i.ST7735_DrawChar), (276 bytes).
    Removing periodicsystickints.o(i.ST7735_DrawCircle), (172 bytes).
    Removing periodicsystickints.o(i.ST7735_DrawFastHLine), (128 bytes).
    Removing periodicsystickints.o(i.ST7735_DrawFastVLine), (128 bytes).
    Removing periodicsystickints.o(i.ST7735_DrawSmallCircle), (172 bytes).
    Removing periodicsystickints.o(i.ST7735_InitB), (40 bytes).
    Removing periodicsystickints.o(i.ST7735_InvertDisplay), (26 bytes).
    Removing periodicsystickints.o(i.ST7735_PlotBar), (88 bytes).
    Removing periodicsystickints.o(i.ST7735_PlotLine), (264 bytes).
    Removing periodicsystickints.o(i.ST7735_PlotNext), (32 bytes).
    Removing periodicsystickints.o(i.ST7735_PlotNextErase), (64 bytes).
    Removing periodicsystickints.o(i.ST7735_PlotPoint), (152 bytes).
    Removing periodicsystickints.o(i.ST7735_PlotPoints), (172 bytes).
    Removing periodicsystickints.o(i.ST7735_PlotdBfs), (60 bytes).
    Removing periodicsystickints.o(i.ST7735_SetRotation), (216 bytes).
    Removing periodicsystickints.o(i.ST7735_SetTextColor), (12 bytes).
    Removing periodicsystickints.o(i.ST7735_SwapColor), (18 bytes).
    Removing periodicsystickints.o(i.ferror), (8 bytes).
    Removing periodicsystickints.o(i.fgetc), (6 bytes).
    Removing periodicsystickints.o(i.fputc), (16 bytes).

25 unused section(s) (total 2104 bytes) removed from the image.
