Component: ARM Compiler 5.06 update 6 (build 750) Tool: armlink [4d35ed]

==============================================================================

Section Cross References

    startup.o(STACK) refers (Special) to heapauxi.o(.text) for __use_two_region_memory
    startup.o(HEAP) refers (Special) to heapauxi.o(.text) for __use_two_region_memory
    startup.o(RESET) refers (Special) to heapauxi.o(.text) for __use_two_region_memory
    startup.o(RESET) refers to startup.o(STACK) for StackMem
    startup.o(RESET) refers to periodicsystickints.o(i.SysTick_Handler) for SysTick_Handler
    startup.o(RESET) refers to __main.o(!!!main) for __main
    startup.o(.text) refers (Special) to heapauxi.o(.text) for __use_two_region_memory
    startup.o(.text) refers to startup.o(HEAP) for HeapMem
    startup.o(.text) refers to startup.o(STACK) for StackMem
    periodicsystickints.o(i.DrawTime) refers to periodicsystickints.o(i.ST7735_Line) for ST7735_Line
    periodicsystickints.o(i.DrawTime) refers to periodicsystickints.o(i.ST7735_SetCursor) for ST7735_SetCursor
    periodicsystickints.o(i.DrawTime) refers to periodicsystickints.o(i.ST7735_SetTextColor) for ST7735_SetTextColor
    periodicsystickints.o(i.DrawTime) refers to periodicsystickints.o(i.ST7735_OutString) for ST7735_OutString
    periodicsystickints.o(i.DrawTime) refers to periodicsystickints.o(i.ST7735_OutUDec) for ST7735_OutUDec
    periodicsystickints.o(i.DrawTime) refers to periodicsystickints.o(.data) for HrY2
    periodicsystickints.o(i.Fall) refers to periodicsystickints.o(.data) for FallCount
    periodicsystickints.o(i.Output_Clear) refers to periodicsystickints.o(i.ST7735_FillScreen) for ST7735_FillScreen
    periodicsystickints.o(i.Output_Color) refers to periodicsystickints.o(i.ST7735_SetTextColor) for ST7735_SetTextColor
    periodicsystickints.o(i.Output_Init) refers to periodicsystickints.o(i.ST7735_InitR) for ST7735_InitR
    periodicsystickints.o(i.Output_Init) refers to periodicsystickints.o(i.ST7735_FillScreen) for ST7735_FillScreen
    periodicsystickints.o(i.Output_Off) refers to periodicsystickints.o(i.Output_Clear) for Output_Clear
    periodicsystickints.o(i.Output_On) refers to periodicsystickints.o(i.Output_Init) for Output_Init
    periodicsystickints.o(i.Rise) refers to periodicsystickints.o(.data) for RiseCount
    periodicsystickints.o(i.ST7735_DrawBitmap) refers to periodicsystickints.o(i.setAddrWindow) for setAddrWindow
    periodicsystickints.o(i.ST7735_DrawBitmap) refers to periodicsystickints.o(i.writedata) for writedata
    periodicsystickints.o(i.ST7735_DrawBitmap) refers to periodicsystickints.o(i.deselect) for deselect
    periodicsystickints.o(i.ST7735_DrawBitmap) refers to periodicsystickints.o(.data) for _width
    periodicsystickints.o(i.ST7735_DrawChar) refers to periodicsystickints.o(i.setAddrWindow) for setAddrWindow
    periodicsystickints.o(i.ST7735_DrawChar) refers to periodicsystickints.o(i.pushColor) for pushColor
    periodicsystickints.o(i.ST7735_DrawChar) refers to periodicsystickints.o(i.deselect) for deselect
    periodicsystickints.o(i.ST7735_DrawChar) refers to periodicsystickints.o(.data) for _width
    periodicsystickints.o(i.ST7735_DrawChar) refers to periodicsystickints.o(.constdata) for Font
    periodicsystickints.o(i.ST7735_DrawCharS) refers to periodicsystickints.o(i.ST7735_DrawPixel) for ST7735_DrawPixel
    periodicsystickints.o(i.ST7735_DrawCharS) refers to periodicsystickints.o(i.ST7735_FillRect) for ST7735_FillRect
    periodicsystickints.o(i.ST7735_DrawCharS) refers to periodicsystickints.o(.data) for _width
    periodicsystickints.o(i.ST7735_DrawCharS) refers to periodicsystickints.o(.constdata) for Font
    periodicsystickints.o(i.ST7735_DrawCircle) refers to periodicsystickints.o(i.setAddrWindow) for setAddrWindow
    periodicsystickints.o(i.ST7735_DrawCircle) refers to periodicsystickints.o(i.writedata) for writedata
    periodicsystickints.o(i.ST7735_DrawCircle) refers to periodicsystickints.o(i.deselect) for deselect
    periodicsystickints.o(i.ST7735_DrawCircle) refers to periodicsystickints.o(.data) for _width
    periodicsystickints.o(i.ST7735_DrawCircle) refers to periodicsystickints.o(.constdata) for circle
    periodicsystickints.o(i.ST7735_DrawFastHLine) refers to periodicsystickints.o(i.setAddrWindow) for setAddrWindow
    periodicsystickints.o(i.ST7735_DrawFastHLine) refers to periodicsystickints.o(i.writedata) for writedata
    periodicsystickints.o(i.ST7735_DrawFastHLine) refers to periodicsystickints.o(i.deselect) for deselect
    periodicsystickints.o(i.ST7735_DrawFastHLine) refers to periodicsystickints.o(.data) for _width
    periodicsystickints.o(i.ST7735_DrawFastVLine) refers to periodicsystickints.o(i.setAddrWindow) for setAddrWindow
    periodicsystickints.o(i.ST7735_DrawFastVLine) refers to periodicsystickints.o(i.writedata) for writedata
    periodicsystickints.o(i.ST7735_DrawFastVLine) refers to periodicsystickints.o(i.deselect) for deselect
    periodicsystickints.o(i.ST7735_DrawFastVLine) refers to periodicsystickints.o(.data) for _width
    periodicsystickints.o(i.ST7735_DrawPixel) refers to periodicsystickints.o(i.setAddrWindow) for setAddrWindow
    periodicsystickints.o(i.ST7735_DrawPixel) refers to periodicsystickints.o(i.pushColor) for pushColor
    periodicsystickints.o(i.ST7735_DrawPixel) refers to periodicsystickints.o(i.deselect) for deselect
    periodicsystickints.o(i.ST7735_DrawPixel) refers to periodicsystickints.o(.data) for _width
    periodicsystickints.o(i.ST7735_DrawSmallCircle) refers to periodicsystickints.o(i.setAddrWindow) for setAddrWindow
    periodicsystickints.o(i.ST7735_DrawSmallCircle) refers to periodicsystickints.o(i.writedata) for writedata
    periodicsystickints.o(i.ST7735_DrawSmallCircle) refers to periodicsystickints.o(i.deselect) for deselect
    periodicsystickints.o(i.ST7735_DrawSmallCircle) refers to periodicsystickints.o(.data) for _width
    periodicsystickints.o(i.ST7735_DrawSmallCircle) refers to periodicsystickints.o(.constdata) for smallCircle
    periodicsystickints.o(i.ST7735_DrawString) refers to periodicsystickints.o(i.ST7735_DrawCharS) for ST7735_DrawCharS
    periodicsystickints.o(i.ST7735_FillRect) refers to periodicsystickints.o(i.setAddrWindow) for setAddrWindow
    periodicsystickints.o(i.ST7735_FillRect) refers to periodicsystickints.o(i.writedata) for writedata
    periodicsystickints.o(i.ST7735_FillRect) refers to periodicsystickints.o(i.deselect) for deselect
    periodicsystickints.o(i.ST7735_FillRect) refers to periodicsystickints.o(.data) for _width
    periodicsystickints.o(i.ST7735_FillScreen) refers to periodicsystickints.o(i.ST7735_FillRect) for ST7735_FillRect
    periodicsystickints.o(i.ST7735_FillScreen) refers to periodicsystickints.o(.data) for _height
    periodicsystickints.o(i.ST7735_InitB) refers to periodicsystickints.o(i.commonInit) for commonInit
    periodicsystickints.o(i.ST7735_InitB) refers to periodicsystickints.o(i.ST7735_SetCursor) for ST7735_SetCursor
    periodicsystickints.o(i.ST7735_InitB) refers to periodicsystickints.o(i.ST7735_FillScreen) for ST7735_FillScreen
    periodicsystickints.o(i.ST7735_InitB) refers to periodicsystickints.o(.constdata) for Bcmd
    periodicsystickints.o(i.ST7735_InitB) refers to periodicsystickints.o(.data) for StTextColor
    periodicsystickints.o(i.ST7735_InitR) refers to periodicsystickints.o(i.commonInit) for commonInit
    periodicsystickints.o(i.ST7735_InitR) refers to periodicsystickints.o(i.commandList) for commandList
    periodicsystickints.o(i.ST7735_InitR) refers to periodicsystickints.o(i.writecommand) for writecommand
    periodicsystickints.o(i.ST7735_InitR) refers to periodicsystickints.o(i.writedata) for writedata
    periodicsystickints.o(i.ST7735_InitR) refers to periodicsystickints.o(i.ST7735_SetCursor) for ST7735_SetCursor
    periodicsystickints.o(i.ST7735_InitR) refers to periodicsystickints.o(i.ST7735_FillScreen) for ST7735_FillScreen
    periodicsystickints.o(i.ST7735_InitR) refers to periodicsystickints.o(.constdata) for Rcmd1
    periodicsystickints.o(i.ST7735_InitR) refers to periodicsystickints.o(.data) for ColStart
    periodicsystickints.o(i.ST7735_InvertDisplay) refers to periodicsystickints.o(i.writecommand) for writecommand
    periodicsystickints.o(i.ST7735_InvertDisplay) refers to periodicsystickints.o(i.deselect) for deselect
    periodicsystickints.o(i.ST7735_Line) refers to periodicsystickints.o(i.plotLineX) for plotLineX
    periodicsystickints.o(i.ST7735_Line) refers to periodicsystickints.o(i.plotLineY) for plotLineY
    periodicsystickints.o(i.ST7735_OutChar) refers to periodicsystickints.o(i.ST7735_DrawString) for ST7735_DrawString
    periodicsystickints.o(i.ST7735_OutChar) refers to periodicsystickints.o(i.ST7735_DrawCharS) for ST7735_DrawCharS
    periodicsystickints.o(i.ST7735_OutChar) refers to periodicsystickints.o(.data) for StY
    periodicsystickints.o(i.ST7735_OutString) refers to periodicsystickints.o(i.ST7735_OutChar) for ST7735_OutChar
    periodicsystickints.o(i.ST7735_OutUDec) refers to periodicsystickints.o(i.fillmessage) for fillmessage
    periodicsystickints.o(i.ST7735_OutUDec) refers to periodicsystickints.o(i.ST7735_DrawString) for ST7735_DrawString
    periodicsystickints.o(i.ST7735_OutUDec) refers to periodicsystickints.o(i.ST7735_DrawCharS) for ST7735_DrawCharS
    periodicsystickints.o(i.ST7735_OutUDec) refers to periodicsystickints.o(.data) for Messageindex
    periodicsystickints.o(i.ST7735_OutUDec) refers to periodicsystickints.o(.bss) for Message
    periodicsystickints.o(i.ST7735_PlotBar) refers to periodicsystickints.o(i.ST7735_DrawFastVLine) for ST7735_DrawFastVLine
    periodicsystickints.o(i.ST7735_PlotBar) refers to periodicsystickints.o(.data) for Ymin
    periodicsystickints.o(i.ST7735_PlotClear) refers to periodicsystickints.o(i.ST7735_Color565) for ST7735_Color565
    periodicsystickints.o(i.ST7735_PlotClear) refers to periodicsystickints.o(i.ST7735_FillRect) for ST7735_FillRect
    periodicsystickints.o(i.ST7735_PlotClear) refers to periodicsystickints.o(.data) for Ymax
    periodicsystickints.o(i.ST7735_PlotLine) refers to periodicsystickints.o(i.ST7735_DrawPixel) for ST7735_DrawPixel
    periodicsystickints.o(i.ST7735_PlotLine) refers to periodicsystickints.o(.data) for Ymin
    periodicsystickints.o(i.ST7735_PlotNext) refers to periodicsystickints.o(.data) for X
    periodicsystickints.o(i.ST7735_PlotNextErase) refers to periodicsystickints.o(i.ST7735_Color565) for ST7735_Color565
    periodicsystickints.o(i.ST7735_PlotNextErase) refers to periodicsystickints.o(i.ST7735_DrawFastVLine) for ST7735_DrawFastVLine
    periodicsystickints.o(i.ST7735_PlotNextErase) refers to periodicsystickints.o(.data) for X
    periodicsystickints.o(i.ST7735_PlotPoint) refers to periodicsystickints.o(i.ST7735_DrawPixel) for ST7735_DrawPixel
    periodicsystickints.o(i.ST7735_PlotPoint) refers to periodicsystickints.o(.data) for Ymin
    periodicsystickints.o(i.ST7735_PlotPoints) refers to periodicsystickints.o(i.ST7735_DrawPixel) for ST7735_DrawPixel
    periodicsystickints.o(i.ST7735_PlotPoints) refers to periodicsystickints.o(.data) for Ymin
    periodicsystickints.o(i.ST7735_PlotdBfs) refers to periodicsystickints.o(i.ST7735_DrawFastVLine) for ST7735_DrawFastVLine
    periodicsystickints.o(i.ST7735_PlotdBfs) refers to periodicsystickints.o(.constdata) for dBfs
    periodicsystickints.o(i.ST7735_PlotdBfs) refers to periodicsystickints.o(.data) for X
    periodicsystickints.o(i.ST7735_SetCursor) refers to periodicsystickints.o(.data) for StX
    periodicsystickints.o(i.ST7735_SetRotation) refers to periodicsystickints.o(i.writecommand) for writecommand
    periodicsystickints.o(i.ST7735_SetRotation) refers to periodicsystickints.o(i.writedata) for writedata
    periodicsystickints.o(i.ST7735_SetRotation) refers to periodicsystickints.o(i.deselect) for deselect
    periodicsystickints.o(i.ST7735_SetRotation) refers to periodicsystickints.o(.data) for Rotation
    periodicsystickints.o(i.ST7735_SetTextColor) refers to periodicsystickints.o(.data) for StTextColor
    periodicsystickints.o(i.ST7735_XYplot) refers to periodicsystickints.o(i.ST7735_DrawPixel) for ST7735_DrawPixel
    periodicsystickints.o(i.ST7735_XYplot) refers to periodicsystickints.o(.data) for Ymin
    periodicsystickints.o(i.ST7735_XYplotInit) refers to periodicsystickints.o(i.ST7735_FillScreen) for ST7735_FillScreen
    periodicsystickints.o(i.ST7735_XYplotInit) refers to periodicsystickints.o(i.ST7735_FillRect) for ST7735_FillRect
    periodicsystickints.o(i.ST7735_XYplotInit) refers to periodicsystickints.o(i.ST7735_SetCursor) for ST7735_SetCursor
    periodicsystickints.o(i.ST7735_XYplotInit) refers to periodicsystickints.o(i.ST7735_OutString) for ST7735_OutString
    periodicsystickints.o(i.ST7735_XYplotInit) refers to periodicsystickints.o(.data) for Ymax
    periodicsystickints.o(i.SysTick_Handler) refers to periodicsystickints.o(i.DrawTime) for DrawTime
    periodicsystickints.o(i.SysTick_Handler) refers to periodicsystickints.o(.data) for Counts
    periodicsystickints.o(i.commandList) refers to periodicsystickints.o(i.writecommand) for writecommand
    periodicsystickints.o(i.commandList) refers to periodicsystickints.o(i.writedata) for writedata
    periodicsystickints.o(i.commandList) refers to periodicsystickints.o(i.Delay1ms) for Delay1ms
    periodicsystickints.o(i.commonInit) refers to periodicsystickints.o(i.Delay1ms) for Delay1ms
    periodicsystickints.o(i.commonInit) refers to periodicsystickints.o(i.commandList) for commandList
    periodicsystickints.o(i.commonInit) refers to periodicsystickints.o(.data) for RowStart
    periodicsystickints.o(i.fillmessage) refers to periodicsystickints.o(.bss) for Message
    periodicsystickints.o(i.fillmessage) refers to periodicsystickints.o(.data) for Messageindex
    periodicsystickints.o(i.fputc) refers to periodicsystickints.o(i.ST7735_OutChar) for ST7735_OutChar
    periodicsystickints.o(i.incAlarmHour) refers to periodicsystickints.o(i.DrawTime) for DrawTime
    periodicsystickints.o(i.incAlarmHour) refers to periodicsystickints.o(.data) for AlarmHour
    periodicsystickints.o(i.incAlarmMinute) refers to periodicsystickints.o(i.DrawTime) for DrawTime
    periodicsystickints.o(i.incAlarmMinute) refers to periodicsystickints.o(.data) for AlarmMinute
    periodicsystickints.o(i.incHour) refers to periodicsystickints.o(i.DrawTime) for DrawTime
    periodicsystickints.o(i.incHour) refers to periodicsystickints.o(.data) for Hours
    periodicsystickints.o(i.incMinute) refers to periodicsystickints.o(i.DrawTime) for DrawTime
    periodicsystickints.o(i.incMinute) refers to periodicsystickints.o(.data) for Minutes
    periodicsystickints.o(i.initLCD) refers to periodicsystickints.o(i.ST7735_InitR) for ST7735_InitR
    periodicsystickints.o(i.initLCD) refers to periodicsystickints.o(i.ST7735_FillScreen) for ST7735_FillScreen
    periodicsystickints.o(i.initLCD) refers to periodicsystickints.o(i.ST7735_DrawBitmap) for ST7735_DrawBitmap
    periodicsystickints.o(i.initLCD) refers to periodicsystickints.o(.data) for setting
    periodicsystickints.o(i.initLCD) refers to periodicsystickints.o(.constdata) for watchface
    periodicsystickints.o(i.main) refers to pll.o(i.PLL_Init) for PLL_Init
    periodicsystickints.o(i.main) refers to periodicsystickints.o(i.Switch_Init) for Switch_Init
    periodicsystickints.o(i.main) refers to periodicsystickints.o(i.Switch_Init3) for Switch_Init3
    periodicsystickints.o(i.main) refers to periodicsystickints.o(i.Board_Init) for Board_Init
    periodicsystickints.o(i.main) refers to systickints.o(i.SysTick_Init) for SysTick_Init
    periodicsystickints.o(i.main) refers to startup.o(.text) for EnableInterrupts
    periodicsystickints.o(i.main) refers to periodicsystickints.o(i.initLCD) for initLCD
    periodicsystickints.o(i.main) refers to periodicsystickints.o(i.DrawTime) for DrawTime
    periodicsystickints.o(i.main) refers to periodicsystickints.o(i.Board_Input) for Board_Input
    periodicsystickints.o(i.main) refers to periodicsystickints.o(i.toggleAlarm) for toggleAlarm
    periodicsystickints.o(i.main) refers to periodicsystickints.o(i.Switch_Input3) for Switch_Input3
    periodicsystickints.o(i.main) refers to periodicsystickints.o(.data) for Counts
    periodicsystickints.o(i.plotLineX) refers to periodicsystickints.o(i.ST7735_DrawPixel) for ST7735_DrawPixel
    periodicsystickints.o(i.plotLineY) refers to periodicsystickints.o(i.ST7735_DrawPixel) for ST7735_DrawPixel
    periodicsystickints.o(i.pushColor) refers to periodicsystickints.o(i.writedata) for writedata
    periodicsystickints.o(i.setAddrWindow) refers to periodicsystickints.o(i.writecommand) for writecommand
    periodicsystickints.o(i.setAddrWindow) refers to periodicsystickints.o(i.writedata) for writedata
    periodicsystickints.o(i.setAddrWindow) refers to periodicsystickints.o(.data) for ColStart
    periodicsystickints.o(i.toggleAlarm) refers to periodicsystickints.o(i.DrawTime) for DrawTime
    periodicsystickints.o(i.toggleAlarm) refers to periodicsystickints.o(.data) for AlarmSet
    periodicsystickints.o(i.toggleAlarmAmPm) refers to periodicsystickints.o(i.DrawTime) for DrawTime
    periodicsystickints.o(i.toggleAlarmAmPm) refers to periodicsystickints.o(.data) for AlarmAm
    periodicsystickints.o(i.toggleAmPm) refers to periodicsystickints.o(i.DrawTime) for DrawTime
    periodicsystickints.o(i.toggleAmPm) refers to periodicsystickints.o(.data) for Am
    periodicsystickints.o(.data) refers to periodicsystickints.o(.conststring) for .conststring
    systickints.o(i.SysTick_Init) refers to startup.o(.text) for StartCritical
    __main.o(!!!main) refers to __rtentry.o(.ARM.Collect$$rtentry$$00000000) for __rt_entry
    __rtentry.o(.ARM.Collect$$rtentry$$00000000) refers (Special) to __rtentry2.o(.ARM.Collect$$rtentry$$0000000A) for __rt_entry_li
    __rtentry.o(.ARM.Collect$$rtentry$$00000000) refers (Special) to __rtentry2.o(.ARM.Collect$$rtentry$$0000000D) for __rt_entry_main
    __rtentry.o(.ARM.Collect$$rtentry$$00000000) refers (Special) to __rtentry2.o(.ARM.Collect$$rtentry$$0000000C) for __rt_entry_postli_1
    __rtentry.o(.ARM.Collect$$rtentry$$00000000) refers (Special) to __rtentry2.o(.ARM.Collect$$rtentry$$00000009) for __rt_entry_postsh_1
    __rtentry.o(.ARM.Collect$$rtentry$$00000000) refers (Special) to __rtentry2.o(.ARM.Collect$$rtentry$$00000002) for __rt_entry_presh_1
    __rtentry.o(.ARM.Collect$$rtentry$$00000000) refers (Special) to __rtentry4.o(.ARM.Collect$$rtentry$$00000004) for __rt_entry_sh
    __rtentry2.o(.ARM.Collect$$rtentry$$00000008) refers to boardinit2.o(.text) for _platform_post_stackheap_init
    __rtentry2.o(.ARM.Collect$$rtentry$$0000000A) refers to libinit.o(.ARM.Collect$$libinit$$00000000) for __rt_lib_init
    __rtentry2.o(.ARM.Collect$$rtentry$$0000000B) refers to boardinit3.o(.text) for _platform_post_lib_init
    __rtentry2.o(.ARM.Collect$$rtentry$$0000000D) refers to periodicsystickints.o(i.main) for main
    __rtentry2.o(.ARM.Collect$$rtentry$$0000000D) refers to exit.o(.text) for exit
    __rtentry2.o(.ARM.exidx) refers to __rtentry2.o(.ARM.Collect$$rtentry$$00000001) for .ARM.Collect$$rtentry$$00000001
    __rtentry2.o(.ARM.exidx) refers to __rtentry2.o(.ARM.Collect$$rtentry$$00000008) for .ARM.Collect$$rtentry$$00000008
    __rtentry2.o(.ARM.exidx) refers to __rtentry2.o(.ARM.Collect$$rtentry$$0000000A) for .ARM.Collect$$rtentry$$0000000A
    __rtentry2.o(.ARM.exidx) refers to __rtentry2.o(.ARM.Collect$$rtentry$$0000000B) for .ARM.Collect$$rtentry$$0000000B
    __rtentry2.o(.ARM.exidx) refers to __rtentry2.o(.ARM.Collect$$rtentry$$0000000D) for .ARM.Collect$$rtentry$$0000000D
    __rtentry4.o(.ARM.Collect$$rtentry$$00000004) refers to sys_stackheap_outer.o(.text) for __user_setup_stackheap
    __rtentry4.o(.ARM.exidx) refers to __rtentry4.o(.ARM.Collect$$rtentry$$00000004) for .ARM.Collect$$rtentry$$00000004
    sys_stackheap_outer.o(.text) refers to libspace.o(.text) for __user_perproc_libspace
    sys_stackheap_outer.o(.text) refers to startup.o(.text) for __user_initial_stackheap
    exit.o(.text) refers to rtexit.o(.ARM.Collect$$rtexit$$00000000) for __rt_exit
    libinit.o(.ARM.Collect$$libinit$$00000000) refers (Special) to libinit2.o(.ARM.Collect$$libinit$$0000002E) for __rt_lib_init_alloca_1
    libinit.o(.ARM.Collect$$libinit$$00000000) refers (Special) to libinit2.o(.ARM.Collect$$libinit$$0000002C) for __rt_lib_init_argv_1
    libinit.o(.ARM.Collect$$libinit$$00000000) refers (Special) to libinit2.o(.ARM.Collect$$libinit$$0000001B) for __rt_lib_init_atexit_1
    libinit.o(.ARM.Collect$$libinit$$00000000) refers (Special) to libinit2.o(.ARM.Collect$$libinit$$00000021) for __rt_lib_init_clock_1
    libinit.o(.ARM.Collect$$libinit$$00000000) refers (Special) to libinit2.o(.ARM.Collect$$libinit$$00000032) for __rt_lib_init_cpp_1
    libinit.o(.ARM.Collect$$libinit$$00000000) refers (Special) to libinit2.o(.ARM.Collect$$libinit$$00000030) for __rt_lib_init_exceptions_1
    libinit.o(.ARM.Collect$$libinit$$00000000) refers (Special) to libinit2.o(.ARM.Collect$$libinit$$00000002) for __rt_lib_init_fp_1
    libinit.o(.ARM.Collect$$libinit$$00000000) refers (Special) to libinit2.o(.ARM.Collect$$libinit$$0000001F) for __rt_lib_init_fp_trap_1
    libinit.o(.ARM.Collect$$libinit$$00000000) refers (Special) to libinit2.o(.ARM.Collect$$libinit$$00000023) for __rt_lib_init_getenv_1
    libinit.o(.ARM.Collect$$libinit$$00000000) refers (Special) to libinit2.o(.ARM.Collect$$libinit$$0000000A) for __rt_lib_init_heap_1
    libinit.o(.ARM.Collect$$libinit$$00000000) refers (Special) to libinit2.o(.ARM.Collect$$libinit$$00000011) for __rt_lib_init_lc_collate_1
    libinit.o(.ARM.Collect$$libinit$$00000000) refers (Special) to libinit2.o(.ARM.Collect$$libinit$$00000013) for __rt_lib_init_lc_ctype_1
    libinit.o(.ARM.Collect$$libinit$$00000000) refers (Special) to libinit2.o(.ARM.Collect$$libinit$$00000015) for __rt_lib_init_lc_monetary_1
    libinit.o(.ARM.Collect$$libinit$$00000000) refers (Special) to libinit2.o(.ARM.Collect$$libinit$$00000017) for __rt_lib_init_lc_numeric_1
    libinit.o(.ARM.Collect$$libinit$$00000000) refers (Special) to libinit2.o(.ARM.Collect$$libinit$$00000019) for __rt_lib_init_lc_time_1
    libinit.o(.ARM.Collect$$libinit$$00000000) refers (Special) to libinit2.o(.ARM.Collect$$libinit$$00000004) for __rt_lib_init_preinit_1
    libinit.o(.ARM.Collect$$libinit$$00000000) refers (Special) to libinit2.o(.ARM.Collect$$libinit$$0000000E) for __rt_lib_init_rand_1
    libinit.o(.ARM.Collect$$libinit$$00000000) refers (Special) to libinit2.o(.ARM.Collect$$libinit$$00000033) for __rt_lib_init_return
    libinit.o(.ARM.Collect$$libinit$$00000000) refers (Special) to libinit2.o(.ARM.Collect$$libinit$$0000001D) for __rt_lib_init_signal_1
    libinit.o(.ARM.Collect$$libinit$$00000000) refers (Special) to libinit2.o(.ARM.Collect$$libinit$$00000025) for __rt_lib_init_stdio_1
    libinit.o(.ARM.Collect$$libinit$$00000000) refers (Special) to libinit2.o(.ARM.Collect$$libinit$$0000000C) for __rt_lib_init_user_alloc_1
    libspace.o(.text) refers to libspace.o(.bss) for __libspace_start
    rtexit.o(.ARM.Collect$$rtexit$$00000000) refers (Special) to rtexit2.o(.ARM.Collect$$rtexit$$00000004) for __rt_exit_exit
    rtexit.o(.ARM.Collect$$rtexit$$00000000) refers (Special) to rtexit2.o(.ARM.Collect$$rtexit$$00000003) for __rt_exit_ls
    rtexit.o(.ARM.Collect$$rtexit$$00000000) refers (Special) to rtexit2.o(.ARM.Collect$$rtexit$$00000002) for __rt_exit_prels_1
    rtexit.o(.ARM.exidx) refers (Special) to rtexit2.o(.ARM.Collect$$rtexit$$00000004) for __rt_exit_exit
    rtexit.o(.ARM.exidx) refers (Special) to rtexit2.o(.ARM.Collect$$rtexit$$00000003) for __rt_exit_ls
    rtexit.o(.ARM.exidx) refers (Special) to rtexit2.o(.ARM.Collect$$rtexit$$00000002) for __rt_exit_prels_1
    rtexit.o(.ARM.exidx) refers to rtexit.o(.ARM.Collect$$rtexit$$00000000) for .ARM.Collect$$rtexit$$00000000
    libinit2.o(.ARM.Collect$$libinit$$00000010) refers to libinit2.o(.ARM.Collect$$libinit$$0000000F) for .ARM.Collect$$libinit$$0000000F
    libinit2.o(.ARM.Collect$$libinit$$00000012) refers to libinit2.o(.ARM.Collect$$libinit$$0000000F) for .ARM.Collect$$libinit$$0000000F
    libinit2.o(.ARM.Collect$$libinit$$00000014) refers to libinit2.o(.ARM.Collect$$libinit$$0000000F) for .ARM.Collect$$libinit$$0000000F
    libinit2.o(.ARM.Collect$$libinit$$00000016) refers to libinit2.o(.ARM.Collect$$libinit$$0000000F) for .ARM.Collect$$libinit$$0000000F
    libinit2.o(.ARM.Collect$$libinit$$00000018) refers to libinit2.o(.ARM.Collect$$libinit$$0000000F) for .ARM.Collect$$libinit$$0000000F
    libinit2.o(.ARM.Collect$$libinit$$00000026) refers to argv_veneer.o(.emb_text) for __ARM_argv_veneer
    libinit2.o(.ARM.Collect$$libinit$$00000027) refers to argv_veneer.o(.emb_text) for __ARM_argv_veneer
    rtexit2.o(.ARM.Collect$$rtexit$$00000003) refers to libshutdown.o(.ARM.Collect$$libshutdown$$00000000) for __rt_lib_shutdown
    rtexit2.o(.ARM.Collect$$rtexit$$00000004) refers to sys_exit.o(.text) for _sys_exit
    rtexit2.o(.ARM.exidx) refers to rtexit2.o(.ARM.Collect$$rtexit$$00000001) for .ARM.Collect$$rtexit$$00000001
    rtexit2.o(.ARM.exidx) refers to rtexit2.o(.ARM.Collect$$rtexit$$00000003) for .ARM.Collect$$rtexit$$00000003
    rtexit2.o(.ARM.exidx) refers to rtexit2.o(.ARM.Collect$$rtexit$$00000004) for .ARM.Collect$$rtexit$$00000004
    argv_veneer.o(.emb_text) refers to no_argv.o(.text) for __ARM_get_argv
    sys_exit.o(.text) refers (Special) to use_no_semi.o(.text) for __I$use$semihosting
    sys_exit.o(.text) refers (Special) to indicate_semi.o(.text) for __semihosting_library_function
    _get_argv_nomalloc.o(.text) refers (Special) to hrguard.o(.text) for __heap_region$guard
    _get_argv_nomalloc.o(.text) refers to defsig_rtmem_outer.o(.text) for __rt_SIGRTMEM
    _get_argv_nomalloc.o(.text) refers to sys_command.o(.text) for _sys_command_string
    libshutdown.o(.ARM.Collect$$libshutdown$$00000000) refers (Special) to libshutdown2.o(.ARM.Collect$$libshutdown$$00000002) for __rt_lib_shutdown_cpp_1
    libshutdown.o(.ARM.Collect$$libshutdown$$00000000) refers (Special) to libshutdown2.o(.ARM.Collect$$libshutdown$$00000007) for __rt_lib_shutdown_fp_trap_1
    libshutdown.o(.ARM.Collect$$libshutdown$$00000000) refers (Special) to libshutdown2.o(.ARM.Collect$$libshutdown$$0000000F) for __rt_lib_shutdown_heap_1
    libshutdown.o(.ARM.Collect$$libshutdown$$00000000) refers (Special) to libshutdown2.o(.ARM.Collect$$libshutdown$$00000010) for __rt_lib_shutdown_return
    libshutdown.o(.ARM.Collect$$libshutdown$$00000000) refers (Special) to libshutdown2.o(.ARM.Collect$$libshutdown$$0000000A) for __rt_lib_shutdown_signal_1
    libshutdown.o(.ARM.Collect$$libshutdown$$00000000) refers (Special) to libshutdown2.o(.ARM.Collect$$libshutdown$$00000004) for __rt_lib_shutdown_stdio_1
    libshutdown.o(.ARM.Collect$$libshutdown$$00000000) refers (Special) to libshutdown2.o(.ARM.Collect$$libshutdown$$0000000C) for __rt_lib_shutdown_user_alloc_1
    sys_command.o(.text) refers (Special) to use_no_semi.o(.text) for __I$use$semihosting
    sys_command.o(.text) refers (Special) to indicate_semi.o(.text) for __semihosting_library_function
    defsig_rtmem_outer.o(.text) refers to defsig_rtmem_inner.o(.text) for __rt_SIGRTMEM_inner
    defsig_rtmem_outer.o(.text) refers to defsig_exit.o(.text) for __sig_exit
    defsig_rtmem_formal.o(.text) refers to rt_raise.o(.text) for __rt_raise
    rt_raise.o(.text) refers to __raise.o(.text) for __raise
    rt_raise.o(.text) refers to sys_exit.o(.text) for _sys_exit
    defsig_exit.o(.text) refers to sys_exit.o(.text) for _sys_exit
    defsig_rtmem_inner.o(.text) refers to defsig_general.o(.text) for __default_signal_display
    __raise.o(.text) refers to defsig.o(CL$$defsig) for __default_signal_handler
    defsig_general.o(.text) refers to sys_wrch.o(.text) for _ttywrch
    sys_wrch.o(.text) refers (Special) to use_no_semi.o(.text) for __I$use$semihosting
    sys_wrch.o(.text) refers (Special) to indicate_semi.o(.text) for __semihosting_library_function
    defsig.o(CL$$defsig) refers to defsig_rtmem_inner.o(.text) for __rt_SIGRTMEM_inner
    defsig_abrt_inner.o(.text) refers to defsig_general.o(.text) for __default_signal_display
    defsig_fpe_inner.o(.text) refers to defsig_general.o(.text) for __default_signal_display
    defsig_rtred_inner.o(.text) refers to defsig_general.o(.text) for __default_signal_display
    defsig_stak_inner.o(.text) refers to defsig_general.o(.text) for __default_signal_display
    defsig_pvfn_inner.o(.text) refers to defsig_general.o(.text) for __default_signal_display
    defsig_cppl_inner.o(.text) refers to defsig_general.o(.text) for __default_signal_display
    defsig_segv_inner.o(.text) refers to defsig_general.o(.text) for __default_signal_display
    defsig_other.o(.text) refers to defsig_general.o(.text) for __default_signal_display


==============================================================================

Removing Unused input sections from the image.

    Removing periodicsystickints.o(i.Fall), (32 bytes).
    Removing periodicsystickints.o(i.Output_Clear), (10 bytes).
    Removing periodicsystickints.o(i.Output_Color), (12 bytes).
    Removing periodicsystickints.o(i.Output_Init), (16 bytes).
    Removing periodicsystickints.o(i.Output_Off), (8 bytes).
    Removing periodicsystickints.o(i.Output_On), (8 bytes).
    Removing periodicsystickints.o(i.Rise), (32 bytes).
    Removing periodicsystickints.o(i.ST7735_Color565), (24 bytes).
    Removing periodicsystickints.o(i.ST7735_DrawChar), (276 bytes).
    Removing periodicsystickints.o(i.ST7735_DrawCircle), (172 bytes).
    Removing periodicsystickints.o(i.ST7735_DrawFastHLine), (128 bytes).
    Removing periodicsystickints.o(i.ST7735_DrawFastVLine), (128 bytes).
    Removing periodicsystickints.o(i.ST7735_DrawSmallCircle), (172 bytes).
    Removing periodicsystickints.o(i.ST7735_InitB), (40 bytes).
    Removing periodicsystickints.o(i.ST7735_InvertDisplay), (26 bytes).
    Removing periodicsystickints.o(i.ST7735_PlotBar), (88 bytes).
    Removing periodicsystickints.o(i.ST7735_PlotClear), (92 bytes).
    Removing periodicsystickints.o(i.ST7735_PlotLine), (264 bytes).
    Removing periodicsystickints.o(i.ST7735_PlotNext), (32 bytes).
    Removing periodicsystickints.o(i.ST7735_PlotNextErase), (64 bytes).
    Removing periodicsystickints.o(i.ST7735_PlotPoint), (152 bytes).
    Removing periodicsystickints.o(i.ST7735_PlotPoints), (172 bytes).
    Removing periodicsystickints.o(i.ST7735_PlotdBfs), (60 bytes).
    Removing periodicsystickints.o(i.ST7735_SetRotation), (216 bytes).
    Removing periodicsystickints.o(i.ST7735_SwapColor), (18 bytes).
    Removing periodicsystickints.o(i.ST7735_XYplot), (208 bytes).
    Removing periodicsystickints.o(i.ST7735_XYplotInit), (108 bytes).
    Removing periodicsystickints.o(i.Switch_Input), (12 bytes).
    Removing periodicsystickints.o(i.Switch_Input2), (16 bytes).
    Removing periodicsystickints.o(i.ferror), (8 bytes).
    Removing periodicsystickints.o(i.fgetc), (6 bytes).
    Removing periodicsystickints.o(i.fputc), (16 bytes).
    Removing periodicsystickints.o(i.incAlarmHour), (92 bytes).
    Removing periodicsystickints.o(i.incAlarmMinute), (116 bytes).
    Removing periodicsystickints.o(i.incHour), (92 bytes).
    Removing periodicsystickints.o(i.incMinute), (116 bytes).
    Removing periodicsystickints.o(i.toggleAlarmAmPm), (116 bytes).
    Removing periodicsystickints.o(i.toggleAmPm), (116 bytes).

38 unused section(s) (total 3264 bytes) removed from the image.

==============================================================================

Image Symbol Table

    Local Symbols

    Symbol Name                              Value     Ov Type        Size  Object(Section)

    RESET                                    0x00000000   Section      644  startup.o(RESET)
    ../clib/angel/boardlib.s                 0x00000000   Number         0  boardinit2.o ABSOLUTE
    ../clib/angel/boardlib.s                 0x00000000   Number         0  boardinit1.o ABSOLUTE
    ../clib/angel/boardlib.s                 0x00000000   Number         0  boardinit3.o ABSOLUTE
    ../clib/angel/boardlib.s                 0x00000000   Number         0  boardshut.o ABSOLUTE
    ../clib/angel/handlers.s                 0x00000000   Number         0  __scatter_copy.o ABSOLUTE
    ../clib/angel/handlers.s                 0x00000000   Number         0  __scatter_zi.o ABSOLUTE
    ../clib/angel/kernel.s                   0x00000000   Number         0  __rtentry2.o ABSOLUTE
    ../clib/angel/kernel.s                   0x00000000   Number         0  rtexit.o ABSOLUTE
    ../clib/angel/kernel.s                   0x00000000   Number         0  __rtentry.o ABSOLUTE
    ../clib/angel/kernel.s                   0x00000000   Number         0  rtexit2.o ABSOLUTE
    ../clib/angel/kernel.s                   0x00000000   Number         0  __rtentry4.o ABSOLUTE
    ../clib/angel/rt.s                       0x00000000   Number         0  rt_raise.o ABSOLUTE
    ../clib/angel/scatter.s                  0x00000000   Number         0  __scatter.o ABSOLUTE
    ../clib/angel/startup.s                  0x00000000   Number         0  __main.o ABSOLUTE
    ../clib/angel/sys.s                      0x00000000   Number         0  sys_stackheap_outer.o ABSOLUTE
    ../clib/angel/sys.s                      0x00000000   Number         0  libspace.o ABSOLUTE
    ../clib/angel/sys.s                      0x00000000   Number         0  indicate_semi.o ABSOLUTE
    ../clib/angel/sys.s                      0x00000000   Number         0  use_no_semi.o ABSOLUTE
    ../clib/angel/sysapp.c                   0x00000000   Number         0  sys_command.o ABSOLUTE
    ../clib/angel/sysapp.c                   0x00000000   Number         0  sys_exit.o ABSOLUTE
    ../clib/angel/sysapp.c                   0x00000000   Number         0  sys_wrch.o ABSOLUTE
    ../clib/armsys.c                         0x00000000   Number         0  no_argv.o ABSOLUTE
    ../clib/armsys.c                         0x00000000   Number         0  argv_veneer.o ABSOLUTE
    ../clib/armsys.c                         0x00000000   Number         0  argv_veneer.o ABSOLUTE
    ../clib/armsys.c                         0x00000000   Number         0  _get_argv_nomalloc.o ABSOLUTE
    ../clib/heapalloc.c                      0x00000000   Number         0  hrguard.o ABSOLUTE
    ../clib/heapaux.c                        0x00000000   Number         0  heapauxi.o ABSOLUTE
    ../clib/libinit.s                        0x00000000   Number         0  libshutdown.o ABSOLUTE
    ../clib/libinit.s                        0x00000000   Number         0  libshutdown2.o ABSOLUTE
    ../clib/libinit.s                        0x00000000   Number         0  libinit.o ABSOLUTE
    ../clib/libinit.s                        0x00000000   Number         0  libinit2.o ABSOLUTE
    ../clib/signal.c                         0x00000000   Number         0  __raise.o ABSOLUTE
    ../clib/signal.c                         0x00000000   Number         0  defsig_rtmem_inner.o ABSOLUTE
    ../clib/signal.c                         0x00000000   Number         0  defsig_exit.o ABSOLUTE
    ../clib/signal.c                         0x00000000   Number         0  defsig_general.o ABSOLUTE
    ../clib/signal.c                         0x00000000   Number         0  defsig_fpe_inner.o ABSOLUTE
    ../clib/signal.c                         0x00000000   Number         0  defsig_rtmem_outer.o ABSOLUTE
    ../clib/signal.c                         0x00000000   Number         0  defsig_rtmem_formal.o ABSOLUTE
    ../clib/signal.c                         0x00000000   Number         0  defsig_rtred_inner.o ABSOLUTE
    ../clib/signal.c                         0x00000000   Number         0  defsig_other.o ABSOLUTE
    ../clib/signal.c                         0x00000000   Number         0  defsig_stak_inner.o ABSOLUTE
    ../clib/signal.c                         0x00000000   Number         0  defsig_abrt_inner.o ABSOLUTE
    ../clib/signal.c                         0x00000000   Number         0  defsig_pvfn_inner.o ABSOLUTE
    ../clib/signal.c                         0x00000000   Number         0  defsig_cppl_inner.o ABSOLUTE
    ../clib/signal.c                         0x00000000   Number         0  defsig_segv_inner.o ABSOLUTE
    ../clib/signal.s                         0x00000000   Number         0  defsig.o ABSOLUTE
    ../clib/stdlib.c                         0x00000000   Number         0  exit.o ABSOLUTE
    ../fplib/fpinit.s                        0x00000000   Number         0  fpinit.o ABSOLUTE
    ..\inc\PLL.c                             0x00000000   Number         0  pll.o ABSOLUTE
    ..\inc\SysTickInts.c                     0x00000000   Number         0  systickints.o ABSOLUTE
    PeriodicSysTickInts.c                    0x00000000   Number         0  periodicsystickints.o ABSOLUTE
    dc.s                                     0x00000000   Number         0  dc.o ABSOLUTE
    startup.s                                0x00000000   Number         0  startup.o ABSOLUTE
    !!!main                                  0x00000284   Section        8  __main.o(!!!main)
    !!!scatter                               0x0000028c   Section       52  __scatter.o(!!!scatter)
    !!handler_copy                           0x000002c0   Section       26  __scatter_copy.o(!!handler_copy)
    !!handler_zi                             0x000002dc   Section       28  __scatter_zi.o(!!handler_zi)
    .ARM.Collect$$libinit$$00000000          0x000002f8   Section        2  libinit.o(.ARM.Collect$$libinit$$00000000)
    .ARM.Collect$$libinit$$00000002          0x000002fa   Section        0  libinit2.o(.ARM.Collect$$libinit$$00000002)
    .ARM.Collect$$libinit$$00000004          0x000002fa   Section        0  libinit2.o(.ARM.Collect$$libinit$$00000004)
    .ARM.Collect$$libinit$$0000000A          0x000002fa   Section        0  libinit2.o(.ARM.Collect$$libinit$$0000000A)
    .ARM.Collect$$libinit$$0000000C          0x000002fa   Section        0  libinit2.o(.ARM.Collect$$libinit$$0000000C)
    .ARM.Collect$$libinit$$0000000E          0x000002fa   Section        0  libinit2.o(.ARM.Collect$$libinit$$0000000E)
    .ARM.Collect$$libinit$$00000011          0x000002fa   Section        0  libinit2.o(.ARM.Collect$$libinit$$00000011)
    .ARM.Collect$$libinit$$00000013          0x000002fa   Section        0  libinit2.o(.ARM.Collect$$libinit$$00000013)
    .ARM.Collect$$libinit$$00000015          0x000002fa   Section        0  libinit2.o(.ARM.Collect$$libinit$$00000015)
    .ARM.Collect$$libinit$$00000017          0x000002fa   Section        0  libinit2.o(.ARM.Collect$$libinit$$00000017)
    .ARM.Collect$$libinit$$00000019          0x000002fa   Section        0  libinit2.o(.ARM.Collect$$libinit$$00000019)
    .ARM.Collect$$libinit$$0000001B          0x000002fa   Section        0  libinit2.o(.ARM.Collect$$libinit$$0000001B)
    .ARM.Collect$$libinit$$0000001D          0x000002fa   Section        0  libinit2.o(.ARM.Collect$$libinit$$0000001D)
    .ARM.Collect$$libinit$$0000001F          0x000002fa   Section        0  libinit2.o(.ARM.Collect$$libinit$$0000001F)
    .ARM.Collect$$libinit$$00000021          0x000002fa   Section        0  libinit2.o(.ARM.Collect$$libinit$$00000021)
    .ARM.Collect$$libinit$$00000023          0x000002fa   Section        0  libinit2.o(.ARM.Collect$$libinit$$00000023)
    .ARM.Collect$$libinit$$00000025          0x000002fa   Section        0  libinit2.o(.ARM.Collect$$libinit$$00000025)
    .ARM.Collect$$libinit$$0000002C          0x000002fa   Section        0  libinit2.o(.ARM.Collect$$libinit$$0000002C)
    .ARM.Collect$$libinit$$0000002E          0x000002fa   Section        0  libinit2.o(.ARM.Collect$$libinit$$0000002E)
    .ARM.Collect$$libinit$$00000030          0x000002fa   Section        0  libinit2.o(.ARM.Collect$$libinit$$00000030)
    .ARM.Collect$$libinit$$00000032          0x000002fa   Section        0  libinit2.o(.ARM.Collect$$libinit$$00000032)
    .ARM.Collect$$libinit$$00000033          0x000002fa   Section        2  libinit2.o(.ARM.Collect$$libinit$$00000033)
    .ARM.Collect$$libshutdown$$00000000      0x000002fc   Section        2  libshutdown.o(.ARM.Collect$$libshutdown$$00000000)
    .ARM.Collect$$libshutdown$$00000002      0x000002fe   Section        0  libshutdown2.o(.ARM.Collect$$libshutdown$$00000002)
    .ARM.Collect$$libshutdown$$00000004      0x000002fe   Section        0  libshutdown2.o(.ARM.Collect$$libshutdown$$00000004)
    .ARM.Collect$$libshutdown$$00000007      0x000002fe   Section        0  libshutdown2.o(.ARM.Collect$$libshutdown$$00000007)
    .ARM.Collect$$libshutdown$$0000000A      0x000002fe   Section        0  libshutdown2.o(.ARM.Collect$$libshutdown$$0000000A)
    .ARM.Collect$$libshutdown$$0000000C      0x000002fe   Section        0  libshutdown2.o(.ARM.Collect$$libshutdown$$0000000C)
    .ARM.Collect$$libshutdown$$0000000F      0x000002fe   Section        0  libshutdown2.o(.ARM.Collect$$libshutdown$$0000000F)
    .ARM.Collect$$libshutdown$$00000010      0x000002fe   Section        2  libshutdown2.o(.ARM.Collect$$libshutdown$$00000010)
    .ARM.Collect$$rtentry$$00000000          0x00000300   Section        0  __rtentry.o(.ARM.Collect$$rtentry$$00000000)
    .ARM.Collect$$rtentry$$00000002          0x00000300   Section        0  __rtentry2.o(.ARM.Collect$$rtentry$$00000002)
    .ARM.Collect$$rtentry$$00000004          0x00000300   Section        6  __rtentry4.o(.ARM.Collect$$rtentry$$00000004)
    .ARM.Collect$$rtentry$$00000009          0x00000306   Section        0  __rtentry2.o(.ARM.Collect$$rtentry$$00000009)
    .ARM.Collect$$rtentry$$0000000A          0x00000306   Section        4  __rtentry2.o(.ARM.Collect$$rtentry$$0000000A)
    .ARM.Collect$$rtentry$$0000000C          0x0000030a   Section        0  __rtentry2.o(.ARM.Collect$$rtentry$$0000000C)
    .ARM.Collect$$rtentry$$0000000D          0x0000030a   Section        8  __rtentry2.o(.ARM.Collect$$rtentry$$0000000D)
    .ARM.Collect$$rtexit$$00000000           0x00000312   Section        2  rtexit.o(.ARM.Collect$$rtexit$$00000000)
    .ARM.Collect$$rtexit$$00000002           0x00000314   Section        0  rtexit2.o(.ARM.Collect$$rtexit$$00000002)
    .ARM.Collect$$rtexit$$00000003           0x00000314   Section        4  rtexit2.o(.ARM.Collect$$rtexit$$00000003)
    .ARM.Collect$$rtexit$$00000004           0x00000318   Section        6  rtexit2.o(.ARM.Collect$$rtexit$$00000004)
    .text                                    0x00000320   Section       48  startup.o(.text)
    .text                                    0x00000350   Section        0  heapauxi.o(.text)
    .text                                    0x00000356   Section       74  sys_stackheap_outer.o(.text)
    .text                                    0x000003a0   Section        0  exit.o(.text)
    .text                                    0x000003b4   Section        8  libspace.o(.text)
    .text                                    0x000003bc   Section        0  sys_exit.o(.text)
    .text                                    0x000003c8   Section        2  use_no_semi.o(.text)
    .text                                    0x000003ca   Section        0  indicate_semi.o(.text)
    i.Board_Init                             0x000003cc   Section        0  periodicsystickints.o(i.Board_Init)
    i.Board_Input                            0x00000464   Section        0  periodicsystickints.o(i.Board_Input)
    i.Delay1ms                               0x00000470   Section        0  periodicsystickints.o(i.Delay1ms)
    i.DrawTime                               0x00000490   Section        0  periodicsystickints.o(i.DrawTime)
    i.PLL_Init                               0x00000af8   Section        0  pll.o(i.PLL_Init)
    i.ST7735_DrawBitmap                      0x00000b74   Section        0  periodicsystickints.o(i.ST7735_DrawBitmap)
    i.ST7735_DrawCharS                       0x00000c98   Section        0  periodicsystickints.o(i.ST7735_DrawCharS)
    i.ST7735_DrawPixel                       0x00000d90   Section        0  periodicsystickints.o(i.ST7735_DrawPixel)
    i.ST7735_DrawString                      0x00000ddc   Section        0  periodicsystickints.o(i.ST7735_DrawString)
    i.ST7735_FillRect                        0x00000e30   Section        0  periodicsystickints.o(i.ST7735_FillRect)
    i.ST7735_FillScreen                      0x00000ee0   Section        0  periodicsystickints.o(i.ST7735_FillScreen)
    i.ST7735_InitR                           0x00000f04   Section        0  periodicsystickints.o(i.ST7735_InitR)
    i.ST7735_Line                            0x00000f80   Section        0  periodicsystickints.o(i.ST7735_Line)
    i.ST7735_OutChar                         0x00001000   Section        0  periodicsystickints.o(i.ST7735_OutChar)
    i.ST7735_OutString                       0x000010d4   Section        0  periodicsystickints.o(i.ST7735_OutString)
    i.ST7735_OutUDec                         0x000010ec   Section        0  periodicsystickints.o(i.ST7735_OutUDec)
    i.ST7735_SetCursor                       0x00001178   Section        0  periodicsystickints.o(i.ST7735_SetCursor)
    i.ST7735_SetTextColor                    0x00001198   Section        0  periodicsystickints.o(i.ST7735_SetTextColor)
    i.Switch_Init                            0x000011a4   Section        0  periodicsystickints.o(i.Switch_Init)
    i.Switch_Init3                           0x00001214   Section        0  periodicsystickints.o(i.Switch_Init3)
    i.Switch_Input3                          0x00001284   Section        0  periodicsystickints.o(i.Switch_Input3)
    i.SysTick_Handler                        0x00001290   Section        0  periodicsystickints.o(i.SysTick_Handler)
    i.SysTick_Init                           0x000013dc   Section        0  systickints.o(i.SysTick_Init)
    i.commandList                            0x0000141c   Section        0  periodicsystickints.o(i.commandList)
    commandList                              0x0000141d   Thumb Code    86  periodicsystickints.o(i.commandList)
    i.commonInit                             0x00001474   Section        0  periodicsystickints.o(i.commonInit)
    commonInit                               0x00001475   Thumb Code   342  periodicsystickints.o(i.commonInit)
    i.deselect                               0x000015fc   Section        0  periodicsystickints.o(i.deselect)
    deselect                                 0x000015fd   Thumb Code    24  periodicsystickints.o(i.deselect)
    i.fillmessage                            0x00001618   Section        0  periodicsystickints.o(i.fillmessage)
    i.initLCD                                0x00001660   Section        0  periodicsystickints.o(i.initLCD)
    i.main                                   0x000016d8   Section        0  periodicsystickints.o(i.main)
    i.plotLineX                              0x000018e4   Section        0  periodicsystickints.o(i.plotLineX)
    i.plotLineY                              0x0000198a   Section        0  periodicsystickints.o(i.plotLineY)
    i.pushColor                              0x00001a2e   Section        0  periodicsystickints.o(i.pushColor)
    pushColor                                0x00001a2f   Thumb Code    18  periodicsystickints.o(i.pushColor)
    i.setAddrWindow                          0x00001a40   Section        0  periodicsystickints.o(i.setAddrWindow)
    setAddrWindow                            0x00001a41   Thumb Code   106  periodicsystickints.o(i.setAddrWindow)
    i.toggleAlarm                            0x00001ab4   Section        0  periodicsystickints.o(i.toggleAlarm)
    i.writecommand                           0x00001b10   Section        0  periodicsystickints.o(i.writecommand)
    writecommand                             0x00001b11   Thumb Code    46  periodicsystickints.o(i.writecommand)
    i.writedata                              0x00001b48   Section        0  periodicsystickints.o(i.writedata)
    writedata                                0x00001b49   Thumb Code    26  periodicsystickints.o(i.writedata)
    .constdata                               0x00001b6c   Section    22114  periodicsystickints.o(.constdata)
    Font                                     0x00001b6c   Data        1275  periodicsystickints.o(.constdata)
    Bcmd                                     0x00002067   Data         103  periodicsystickints.o(.constdata)
    Rcmd1                                    0x000020ce   Data          59  periodicsystickints.o(.constdata)
    Rcmd2green                               0x00002109   Data          13  periodicsystickints.o(.constdata)
    Rcmd2red                                 0x00002116   Data          13  periodicsystickints.o(.constdata)
    Rcmd3                                    0x00002123   Data          43  periodicsystickints.o(.constdata)
    .conststring                             0x000071d0   Section        3  periodicsystickints.o(.conststring)
    .data                                    0x20000000   Section      140  periodicsystickints.o(.data)
    ColStart                                 0x2000000a   Data           1  periodicsystickints.o(.data)
    RowStart                                 0x2000000b   Data           1  periodicsystickints.o(.data)
    Rotation                                 0x2000000c   Data           1  periodicsystickints.o(.data)
    TabColor                                 0x2000000d   Data           1  periodicsystickints.o(.data)
    _width                                   0x2000000e   Data           2  periodicsystickints.o(.data)
    _height                                  0x20000010   Data           2  periodicsystickints.o(.data)
    .bss                                     0x2000008c   Section       12  periodicsystickints.o(.bss)
    .bss                                     0x20000098   Section       96  libspace.o(.bss)
    HEAP                                     0x200000f8   Section        0  startup.o(HEAP)
    STACK                                    0x200000f8   Section     1024  startup.o(STACK)
    HeapMem                                  0x200000f8   Data           0  startup.o(HEAP)
    StackMem                                 0x200000f8   Data           0  startup.o(STACK)

    Global Symbols

    Symbol Name                              Value     Ov Type        Size  Object(Section)

    BuildAttributes$$THM_ISAv4$E$P$D$K$B$S$7EM$PE$A:L22UL41UL21$X:L11$S22US41US21$IEEE1$IW$USESV6$~STKCKD$USESV7$~SHL$OSPACE$ROPI$EBA8$UX$STANDARDLIB$REQ8$PRES8$EABIv2 0x00000000   Number         0  anon$$obj.o ABSOLUTE
    __ARM_use_no_argv                        0x00000000   Number         0  periodicsystickints.o ABSOLUTE
    __Vectors                                0x00000000   Data           0  startup.o(RESET)
    __ARM_exceptions_init                     - Undefined Weak Reference
    __alloca_initialize                       - Undefined Weak Reference
    __arm_preinit_                            - Undefined Weak Reference
    __cpp_initialize__aeabi_                  - Undefined Weak Reference
    __cxa_finalize                            - Undefined Weak Reference
    __rt_locale                               - Undefined Weak Reference
    __sigvec_lookup                           - Undefined Weak Reference
    _atexit_init                              - Undefined Weak Reference
    _call_atexit_fns                          - Undefined Weak Reference
    _clock_init                               - Undefined Weak Reference
    _fp_trap_init                             - Undefined Weak Reference
    _fp_trap_shutdown                         - Undefined Weak Reference
    _get_lc_collate                           - Undefined Weak Reference
    _get_lc_ctype                             - Undefined Weak Reference
    _get_lc_monetary                          - Undefined Weak Reference
    _get_lc_numeric                           - Undefined Weak Reference
    _get_lc_time                              - Undefined Weak Reference
    _getenv_init                              - Undefined Weak Reference
    _handle_redirection                       - Undefined Weak Reference
    _init_alloc                               - Undefined Weak Reference
    _init_user_alloc                          - Undefined Weak Reference
    _initio                                   - Undefined Weak Reference
    _rand_init                                - Undefined Weak Reference
    _signal_finish                            - Undefined Weak Reference
    _signal_init                              - Undefined Weak Reference
    _terminate_alloc                          - Undefined Weak Reference
    _terminate_user_alloc                     - Undefined Weak Reference
    _terminateio                              - Undefined Weak Reference
    Reset_Handler                            0x0000026d   Thumb Code     0  startup.o(RESET)
    NMI_Handler                              0x00000271   Thumb Code     2  startup.o(RESET)
    HardFault_Handler                        0x00000273   Thumb Code     2  startup.o(RESET)
    MemManage_Handler                        0x00000275   Thumb Code     2  startup.o(RESET)
    BusFault_Handler                         0x00000277   Thumb Code     2  startup.o(RESET)
    UsageFault_Handler                       0x00000279   Thumb Code     2  startup.o(RESET)
    SVC_Handler                              0x0000027b   Thumb Code     2  startup.o(RESET)
    DebugMon_Handler                         0x0000027d   Thumb Code     2  startup.o(RESET)
    PendSV_Handler                           0x0000027f   Thumb Code     2  startup.o(RESET)
    ADC0Seq0_Handler                         0x00000283   Thumb Code     0  startup.o(RESET)
    ADC0Seq1_Handler                         0x00000283   Thumb Code     0  startup.o(RESET)
    ADC0Seq2_Handler                         0x00000283   Thumb Code     0  startup.o(RESET)
    ADC0Seq3_Handler                         0x00000283   Thumb Code     0  startup.o(RESET)
    ADC1Seq0_Handler                         0x00000283   Thumb Code     0  startup.o(RESET)
    ADC1Seq1_Handler                         0x00000283   Thumb Code     0  startup.o(RESET)
    ADC1Seq2_Handler                         0x00000283   Thumb Code     0  startup.o(RESET)
    ADC1Seq3_Handler                         0x00000283   Thumb Code     0  startup.o(RESET)
    CAN0_Handler                             0x00000283   Thumb Code     0  startup.o(RESET)
    CAN1_Handler                             0x00000283   Thumb Code     0  startup.o(RESET)
    CAN2_Handler                             0x00000283   Thumb Code     0  startup.o(RESET)
    Comp0_Handler                            0x00000283   Thumb Code     0  startup.o(RESET)
    Comp1_Handler                            0x00000283   Thumb Code     0  startup.o(RESET)
    Comp2_Handler                            0x00000283   Thumb Code     0  startup.o(RESET)
    Ethernet_Handler                         0x00000283   Thumb Code     0  startup.o(RESET)
    ExtBus_Handler                           0x00000283   Thumb Code     0  startup.o(RESET)
    FPU_Handler                              0x00000283   Thumb Code     0  startup.o(RESET)
    Fan0_Handler                             0x00000283   Thumb Code     0  startup.o(RESET)
    FlashCtl_Handler                         0x00000283   Thumb Code     0  startup.o(RESET)
    GPIOPortA_Handler                        0x00000283   Thumb Code     0  startup.o(RESET)
    GPIOPortB_Handler                        0x00000283   Thumb Code     0  startup.o(RESET)
    GPIOPortC_Handler                        0x00000283   Thumb Code     0  startup.o(RESET)
    GPIOPortD_Handler                        0x00000283   Thumb Code     0  startup.o(RESET)
    GPIOPortE_Handler                        0x00000283   Thumb Code     0  startup.o(RESET)
    GPIOPortF_Handler                        0x00000283   Thumb Code     0  startup.o(RESET)
    GPIOPortG_Handler                        0x00000283   Thumb Code     0  startup.o(RESET)
    GPIOPortH_Handler                        0x00000283   Thumb Code     0  startup.o(RESET)
    GPIOPortJ_Handler                        0x00000283   Thumb Code     0  startup.o(RESET)
    GPIOPortK_Handler                        0x00000283   Thumb Code     0  startup.o(RESET)
    GPIOPortL_Handler                        0x00000283   Thumb Code     0  startup.o(RESET)
    GPIOPortM_Handler                        0x00000283   Thumb Code     0  startup.o(RESET)
    GPIOPortN_Handler                        0x00000283   Thumb Code     0  startup.o(RESET)
    GPIOPortP1_Handler                       0x00000283   Thumb Code     0  startup.o(RESET)
    GPIOPortP2_Handler                       0x00000283   Thumb Code     0  startup.o(RESET)
    GPIOPortP3_Handler                       0x00000283   Thumb Code     0  startup.o(RESET)
    GPIOPortP4_Handler                       0x00000283   Thumb Code     0  startup.o(RESET)
    GPIOPortP5_Handler                       0x00000283   Thumb Code     0  startup.o(RESET)
    GPIOPortP6_Handler                       0x00000283   Thumb Code     0  startup.o(RESET)
    GPIOPortP7_Handler                       0x00000283   Thumb Code     0  startup.o(RESET)
    GPIOPortP_Handler                        0x00000283   Thumb Code     0  startup.o(RESET)
    GPIOPortQ1_Handler                       0x00000283   Thumb Code     0  startup.o(RESET)
    GPIOPortQ2_Handler                       0x00000283   Thumb Code     0  startup.o(RESET)
    GPIOPortQ3_Handler                       0x00000283   Thumb Code     0  startup.o(RESET)
    GPIOPortQ4_Handler                       0x00000283   Thumb Code     0  startup.o(RESET)
    GPIOPortQ5_Handler                       0x00000283   Thumb Code     0  startup.o(RESET)
    GPIOPortQ6_Handler                       0x00000283   Thumb Code     0  startup.o(RESET)
    GPIOPortQ7_Handler                       0x00000283   Thumb Code     0  startup.o(RESET)
    GPIOPortQ_Handler                        0x00000283   Thumb Code     0  startup.o(RESET)
    GPIOPortR_Handler                        0x00000283   Thumb Code     0  startup.o(RESET)
    GPIOPortS_Handler                        0x00000283   Thumb Code     0  startup.o(RESET)
    Hibernate_Handler                        0x00000283   Thumb Code     0  startup.o(RESET)
    I2C0_Handler                             0x00000283   Thumb Code     0  startup.o(RESET)
    I2C1_Handler                             0x00000283   Thumb Code     0  startup.o(RESET)
    I2C2_Handler                             0x00000283   Thumb Code     0  startup.o(RESET)
    I2C3_Handler                             0x00000283   Thumb Code     0  startup.o(RESET)
    I2C4_Handler                             0x00000283   Thumb Code     0  startup.o(RESET)
    I2C5_Handler                             0x00000283   Thumb Code     0  startup.o(RESET)
    I2S0_Handler                             0x00000283   Thumb Code     0  startup.o(RESET)
    LPC0_Handler                             0x00000283   Thumb Code     0  startup.o(RESET)
    PECI0_Handler                            0x00000283   Thumb Code     0  startup.o(RESET)
    PWM0Fault_Handler                        0x00000283   Thumb Code     0  startup.o(RESET)
    PWM0Generator0_Handler                   0x00000283   Thumb Code     0  startup.o(RESET)
    PWM0Generator1_Handler                   0x00000283   Thumb Code     0  startup.o(RESET)
    PWM0Generator2_Handler                   0x00000283   Thumb Code     0  startup.o(RESET)
    PWM0Generator3_Handler                   0x00000283   Thumb Code     0  startup.o(RESET)
    PWM1Fault_Handler                        0x00000283   Thumb Code     0  startup.o(RESET)
    PWM1Generator0_Handler                   0x00000283   Thumb Code     0  startup.o(RESET)
    PWM1Generator1_Handler                   0x00000283   Thumb Code     0  startup.o(RESET)
    PWM1Generator2_Handler                   0x00000283   Thumb Code     0  startup.o(RESET)
    PWM1Generator3_Handler                   0x00000283   Thumb Code     0  startup.o(RESET)
    Quadrature0_Handler                      0x00000283   Thumb Code     0  startup.o(RESET)
    Quadrature1_Handler                      0x00000283   Thumb Code     0  startup.o(RESET)
    Quadrature2_Handler                      0x00000283   Thumb Code     0  startup.o(RESET)
    SSI0_Handler                             0x00000283   Thumb Code     0  startup.o(RESET)
    SSI1_Handler                             0x00000283   Thumb Code     0  startup.o(RESET)
    SSI2_Handler                             0x00000283   Thumb Code     0  startup.o(RESET)
    SSI3_Handler                             0x00000283   Thumb Code     0  startup.o(RESET)
    SysCtl_Handler                           0x00000283   Thumb Code     0  startup.o(RESET)
    Timer0A_Handler                          0x00000283   Thumb Code     0  startup.o(RESET)
    Timer0B_Handler                          0x00000283   Thumb Code     0  startup.o(RESET)
    Timer1A_Handler                          0x00000283   Thumb Code     0  startup.o(RESET)
    Timer1B_Handler                          0x00000283   Thumb Code     0  startup.o(RESET)
    Timer2A_Handler                          0x00000283   Thumb Code     0  startup.o(RESET)
    Timer2B_Handler                          0x00000283   Thumb Code     0  startup.o(RESET)
    Timer3A_Handler                          0x00000283   Thumb Code     0  startup.o(RESET)
    Timer3B_Handler                          0x00000283   Thumb Code     0  startup.o(RESET)
    Timer4A_Handler                          0x00000283   Thumb Code     0  startup.o(RESET)
    Timer4B_Handler                          0x00000283   Thumb Code     0  startup.o(RESET)
    Timer5A_Handler                          0x00000283   Thumb Code     0  startup.o(RESET)
    Timer5B_Handler                          0x00000283   Thumb Code     0  startup.o(RESET)
    UART0_Handler                            0x00000283   Thumb Code     0  startup.o(RESET)
    UART1_Handler                            0x00000283   Thumb Code     0  startup.o(RESET)
    UART2_Handler                            0x00000283   Thumb Code     0  startup.o(RESET)
    UART3_Handler                            0x00000283   Thumb Code     0  startup.o(RESET)
    UART4_Handler                            0x00000283   Thumb Code     0  startup.o(RESET)
    UART5_Handler                            0x00000283   Thumb Code     0  startup.o(RESET)
    UART6_Handler                            0x00000283   Thumb Code     0  startup.o(RESET)
    UART7_Handler                            0x00000283   Thumb Code     0  startup.o(RESET)
    USB0_Handler                             0x00000283   Thumb Code     0  startup.o(RESET)
    WDT_Handler                              0x00000283   Thumb Code     0  startup.o(RESET)
    WideTimer0A_Handler                      0x00000283   Thumb Code     0  startup.o(RESET)
    WideTimer0B_Handler                      0x00000283   Thumb Code     0  startup.o(RESET)
    WideTimer1A_Handler                      0x00000283   Thumb Code     0  startup.o(RESET)
    WideTimer1B_Handler                      0x00000283   Thumb Code     0  startup.o(RESET)
    WideTimer2A_Handler                      0x00000283   Thumb Code     0  startup.o(RESET)
    WideTimer2B_Handler                      0x00000283   Thumb Code     0  startup.o(RESET)
    WideTimer3A_Handler                      0x00000283   Thumb Code     0  startup.o(RESET)
    WideTimer3B_Handler                      0x00000283   Thumb Code     0  startup.o(RESET)
    WideTimer4A_Handler                      0x00000283   Thumb Code     0  startup.o(RESET)
    WideTimer4B_Handler                      0x00000283   Thumb Code     0  startup.o(RESET)
    WideTimer5A_Handler                      0x00000283   Thumb Code     0  startup.o(RESET)
    WideTimer5B_Handler                      0x00000283   Thumb Code     0  startup.o(RESET)
    uDMA_Error                               0x00000283   Thumb Code     0  startup.o(RESET)
    uDMA_Handler                             0x00000283   Thumb Code     0  startup.o(RESET)
    __main                                   0x00000285   Thumb Code     8  __main.o(!!!main)
    __scatterload                            0x0000028d   Thumb Code     0  __scatter.o(!!!scatter)
    __scatterload_rt2                        0x0000028d   Thumb Code    44  __scatter.o(!!!scatter)
    __scatterload_rt2_thumb_only             0x0000028d   Thumb Code     0  __scatter.o(!!!scatter)
    __scatterload_null                       0x0000029b   Thumb Code     0  __scatter.o(!!!scatter)
    __scatterload_copy                       0x000002c1   Thumb Code    26  __scatter_copy.o(!!handler_copy)
    __scatterload_zeroinit                   0x000002dd   Thumb Code    28  __scatter_zi.o(!!handler_zi)
    __rt_lib_init                            0x000002f9   Thumb Code     0  libinit.o(.ARM.Collect$$libinit$$00000000)
    __rt_lib_init_alloca_1                   0x000002fb   Thumb Code     0  libinit2.o(.ARM.Collect$$libinit$$0000002E)
    __rt_lib_init_argv_1                     0x000002fb   Thumb Code     0  libinit2.o(.ARM.Collect$$libinit$$0000002C)
    __rt_lib_init_atexit_1                   0x000002fb   Thumb Code     0  libinit2.o(.ARM.Collect$$libinit$$0000001B)
    __rt_lib_init_clock_1                    0x000002fb   Thumb Code     0  libinit2.o(.ARM.Collect$$libinit$$00000021)
    __rt_lib_init_cpp_1                      0x000002fb   Thumb Code     0  libinit2.o(.ARM.Collect$$libinit$$00000032)
    __rt_lib_init_exceptions_1               0x000002fb   Thumb Code     0  libinit2.o(.ARM.Collect$$libinit$$00000030)
    __rt_lib_init_fp_1                       0x000002fb   Thumb Code     0  libinit2.o(.ARM.Collect$$libinit$$00000002)
    __rt_lib_init_fp_trap_1                  0x000002fb   Thumb Code     0  libinit2.o(.ARM.Collect$$libinit$$0000001F)
    __rt_lib_init_getenv_1                   0x000002fb   Thumb Code     0  libinit2.o(.ARM.Collect$$libinit$$00000023)
    __rt_lib_init_heap_1                     0x000002fb   Thumb Code     0  libinit2.o(.ARM.Collect$$libinit$$0000000A)
    __rt_lib_init_lc_collate_1               0x000002fb   Thumb Code     0  libinit2.o(.ARM.Collect$$libinit$$00000011)
    __rt_lib_init_lc_ctype_1                 0x000002fb   Thumb Code     0  libinit2.o(.ARM.Collect$$libinit$$00000013)
    __rt_lib_init_lc_monetary_1              0x000002fb   Thumb Code     0  libinit2.o(.ARM.Collect$$libinit$$00000015)
    __rt_lib_init_lc_numeric_1               0x000002fb   Thumb Code     0  libinit2.o(.ARM.Collect$$libinit$$00000017)
    __rt_lib_init_lc_time_1                  0x000002fb   Thumb Code     0  libinit2.o(.ARM.Collect$$libinit$$00000019)
    __rt_lib_init_preinit_1                  0x000002fb   Thumb Code     0  libinit2.o(.ARM.Collect$$libinit$$00000004)
    __rt_lib_init_rand_1                     0x000002fb   Thumb Code     0  libinit2.o(.ARM.Collect$$libinit$$0000000E)
    __rt_lib_init_return                     0x000002fb   Thumb Code     0  libinit2.o(.ARM.Collect$$libinit$$00000033)
    __rt_lib_init_signal_1                   0x000002fb   Thumb Code     0  libinit2.o(.ARM.Collect$$libinit$$0000001D)
    __rt_lib_init_stdio_1                    0x000002fb   Thumb Code     0  libinit2.o(.ARM.Collect$$libinit$$00000025)
    __rt_lib_init_user_alloc_1               0x000002fb   Thumb Code     0  libinit2.o(.ARM.Collect$$libinit$$0000000C)
    __rt_lib_shutdown                        0x000002fd   Thumb Code     0  libshutdown.o(.ARM.Collect$$libshutdown$$00000000)
    __rt_lib_shutdown_cpp_1                  0x000002ff   Thumb Code     0  libshutdown2.o(.ARM.Collect$$libshutdown$$00000002)
    __rt_lib_shutdown_fp_trap_1              0x000002ff   Thumb Code     0  libshutdown2.o(.ARM.Collect$$libshutdown$$00000007)
    __rt_lib_shutdown_heap_1                 0x000002ff   Thumb Code     0  libshutdown2.o(.ARM.Collect$$libshutdown$$0000000F)
    __rt_lib_shutdown_return                 0x000002ff   Thumb Code     0  libshutdown2.o(.ARM.Collect$$libshutdown$$00000010)
    __rt_lib_shutdown_signal_1               0x000002ff   Thumb Code     0  libshutdown2.o(.ARM.Collect$$libshutdown$$0000000A)
    __rt_lib_shutdown_stdio_1                0x000002ff   Thumb Code     0  libshutdown2.o(.ARM.Collect$$libshutdown$$00000004)
    __rt_lib_shutdown_user_alloc_1           0x000002ff   Thumb Code     0  libshutdown2.o(.ARM.Collect$$libshutdown$$0000000C)
    __rt_entry                               0x00000301   Thumb Code     0  __rtentry.o(.ARM.Collect$$rtentry$$00000000)
    __rt_entry_presh_1                       0x00000301   Thumb Code     0  __rtentry2.o(.ARM.Collect$$rtentry$$00000002)
    __rt_entry_sh                            0x00000301   Thumb Code     0  __rtentry4.o(.ARM.Collect$$rtentry$$00000004)
    __rt_entry_li                            0x00000307   Thumb Code     0  __rtentry2.o(.ARM.Collect$$rtentry$$0000000A)
    __rt_entry_postsh_1                      0x00000307   Thumb Code     0  __rtentry2.o(.ARM.Collect$$rtentry$$00000009)
    __rt_entry_main                          0x0000030b   Thumb Code     0  __rtentry2.o(.ARM.Collect$$rtentry$$0000000D)
    __rt_entry_postli_1                      0x0000030b   Thumb Code     0  __rtentry2.o(.ARM.Collect$$rtentry$$0000000C)
    __rt_exit                                0x00000313   Thumb Code     0  rtexit.o(.ARM.Collect$$rtexit$$00000000)
    __rt_exit_ls                             0x00000315   Thumb Code     0  rtexit2.o(.ARM.Collect$$rtexit$$00000003)
    __rt_exit_prels_1                        0x00000315   Thumb Code     0  rtexit2.o(.ARM.Collect$$rtexit$$00000002)
    __rt_exit_exit                           0x00000319   Thumb Code     0  rtexit2.o(.ARM.Collect$$rtexit$$00000004)
    DisableInterrupts                        0x00000321   Thumb Code     0  startup.o(.text)
    EnableInterrupts                         0x00000325   Thumb Code     0  startup.o(.text)
    StartCritical                            0x00000329   Thumb Code     0  startup.o(.text)
    EndCritical                              0x00000331   Thumb Code     0  startup.o(.text)
    WaitForInterrupt                         0x00000337   Thumb Code     0  startup.o(.text)
    __user_initial_stackheap                 0x0000033b   Thumb Code     0  startup.o(.text)
    __use_two_region_memory                  0x00000351   Thumb Code     2  heapauxi.o(.text)
    __rt_heap_escrow$2region                 0x00000353   Thumb Code     2  heapauxi.o(.text)
    __rt_heap_expand$2region                 0x00000355   Thumb Code     2  heapauxi.o(.text)
    __user_setup_stackheap                   0x00000357   Thumb Code    74  sys_stackheap_outer.o(.text)
    exit                                     0x000003a1   Thumb Code    18  exit.o(.text)
    __user_libspace                          0x000003b5   Thumb Code     8  libspace.o(.text)
    __user_perproc_libspace                  0x000003b5   Thumb Code     0  libspace.o(.text)
    __user_perthread_libspace                0x000003b5   Thumb Code     0  libspace.o(.text)
    _sys_exit                                0x000003bd   Thumb Code     8  sys_exit.o(.text)
    __I$use$semihosting                      0x000003c9   Thumb Code     0  use_no_semi.o(.text)
    __use_no_semihosting_swi                 0x000003c9   Thumb Code     2  use_no_semi.o(.text)
    __semihosting_library_function           0x000003cb   Thumb Code     0  indicate_semi.o(.text)
    Board_Init                               0x000003cd   Thumb Code   130  periodicsystickints.o(i.Board_Init)
    Board_Input                              0x00000465   Thumb Code     6  periodicsystickints.o(i.Board_Input)
    Delay1ms                                 0x00000471   Thumb Code    32  periodicsystickints.o(i.Delay1ms)
    DrawTime                                 0x00000491   Thumb Code  1622  periodicsystickints.o(i.DrawTime)
    PLL_Init                                 0x00000af9   Thumb Code   120  pll.o(i.PLL_Init)
    ST7735_DrawBitmap                        0x00000b75   Thumb Code   284  periodicsystickints.o(i.ST7735_DrawBitmap)
    ST7735_DrawCharS                         0x00000c99   Thumb Code   236  periodicsystickints.o(i.ST7735_DrawCharS)
    ST7735_DrawPixel                         0x00000d91   Thumb Code    68  periodicsystickints.o(i.ST7735_DrawPixel)
    ST7735_DrawString                        0x00000ddd   Thumb Code    84  periodicsystickints.o(i.ST7735_DrawString)
    ST7735_FillRect                          0x00000e31   Thumb Code   168  periodicsystickints.o(i.ST7735_FillRect)
    ST7735_FillScreen                        0x00000ee1   Thumb Code    28  periodicsystickints.o(i.ST7735_FillScreen)
    ST7735_InitR                             0x00000f05   Thumb Code    90  periodicsystickints.o(i.ST7735_InitR)
    ST7735_Line                              0x00000f81   Thumb Code   126  periodicsystickints.o(i.ST7735_Line)
    ST7735_OutChar                           0x00001001   Thumb Code   176  periodicsystickints.o(i.ST7735_OutChar)
    ST7735_OutString                         0x000010d5   Thumb Code    22  periodicsystickints.o(i.ST7735_OutString)
    ST7735_OutUDec                           0x000010ed   Thumb Code   118  periodicsystickints.o(i.ST7735_OutUDec)
    ST7735_SetCursor                         0x00001179   Thumb Code    22  periodicsystickints.o(i.ST7735_SetCursor)
    ST7735_SetTextColor                      0x00001199   Thumb Code     6  periodicsystickints.o(i.ST7735_SetTextColor)
    Switch_Init                              0x000011a5   Thumb Code    96  periodicsystickints.o(i.Switch_Init)
    Switch_Init3                             0x00001215   Thumb Code    96  periodicsystickints.o(i.Switch_Init3)
    Switch_Input3                            0x00001285   Thumb Code     6  periodicsystickints.o(i.Switch_Input3)
    SysTick_Handler                          0x00001291   Thumb Code   272  periodicsystickints.o(i.SysTick_Handler)
    SysTick_Init                             0x000013dd   Thumb Code    58  systickints.o(i.SysTick_Init)
    fillmessage                              0x00001619   Thumb Code    64  periodicsystickints.o(i.fillmessage)
    initLCD                                  0x00001661   Thumb Code    80  periodicsystickints.o(i.initLCD)
    main                                     0x000016d9   Thumb Code   466  periodicsystickints.o(i.main)
    plotLineX                                0x000018e5   Thumb Code   166  periodicsystickints.o(i.plotLineX)
    plotLineY                                0x0000198b   Thumb Code   164  periodicsystickints.o(i.plotLineY)
    toggleAlarm                              0x00001ab5   Thumb Code    62  periodicsystickints.o(i.toggleAlarm)
    smallCircle                              0x0000214e   Data          36  periodicsystickints.o(.constdata)
    circle                                   0x00002172   Data          60  periodicsystickints.o(.constdata)
    dBfs                                     0x000021ae   Data         512  periodicsystickints.o(.constdata)
    watchface                                0x000023ae   Data       20000  periodicsystickints.o(.constdata)
    Region$$Table$$Base                      0x000071d4   Number         0  anon$$obj.o(Region$$Table)
    Region$$Table$$Limit                     0x000071f4   Number         0  anon$$obj.o(Region$$Table)
    StX                                      0x20000000   Data           4  periodicsystickints.o(.data)
    StY                                      0x20000004   Data           4  periodicsystickints.o(.data)
    StTextColor                              0x20000008   Data           2  periodicsystickints.o(.data)
    Messageindex                             0x20000014   Data           4  periodicsystickints.o(.data)
    Ymax                                     0x20000018   Data           4  periodicsystickints.o(.data)
    Ymin                                     0x2000001c   Data           4  periodicsystickints.o(.data)
    X                                        0x20000020   Data           4  periodicsystickints.o(.data)
    Xmax                                     0x20000024   Data           4  periodicsystickints.o(.data)
    Xmin                                     0x20000028   Data           4  periodicsystickints.o(.data)
    Yrange                                   0x2000002c   Data           4  periodicsystickints.o(.data)
    lastj                                    0x20000030   Data           4  periodicsystickints.o(.data)
    HrX1                                     0x20000034   Data           4  periodicsystickints.o(.data)
    HrX2                                     0x20000038   Data           4  periodicsystickints.o(.data)
    HrY1                                     0x2000003c   Data           4  periodicsystickints.o(.data)
    HrY2                                     0x20000040   Data           4  periodicsystickints.o(.data)
    MinX1                                    0x20000044   Data           4  periodicsystickints.o(.data)
    MinX2                                    0x20000048   Data           4  periodicsystickints.o(.data)
    MinY1                                    0x2000004c   Data           4  periodicsystickints.o(.data)
    MinY2                                    0x20000050   Data           4  periodicsystickints.o(.data)
    setting                                  0x20000054   Data           2  periodicsystickints.o(.data)
    Counts                                   0x20000058   Data           4  periodicsystickints.o(.data)
    Hours                                    0x2000005c   Data           4  periodicsystickints.o(.data)
    Minutes                                  0x20000060   Data           4  periodicsystickints.o(.data)
    Seconds                                  0x20000064   Data           4  periodicsystickints.o(.data)
    AmPm                                     0x20000068   Data           4  periodicsystickints.o(.data)
    Am                                       0x2000006c   Data           2  periodicsystickints.o(.data)
    AlarmHour                                0x20000070   Data           4  periodicsystickints.o(.data)
    AlarmMinute                              0x20000074   Data           4  periodicsystickints.o(.data)
    AlarmAmPm                                0x20000078   Data           4  periodicsystickints.o(.data)
    AlarmSet                                 0x2000007c   Data           2  periodicsystickints.o(.data)
    AlarmAm                                  0x2000007e   Data           2  periodicsystickints.o(.data)
    SpeakerCount                             0x20000080   Data           4  periodicsystickints.o(.data)
    RiseCount                                0x20000084   Data           4  periodicsystickints.o(.data)
    FallCount                                0x20000088   Data           4  periodicsystickints.o(.data)
    Message                                  0x2000008c   Data          12  periodicsystickints.o(.bss)
    __libspace_start                         0x20000098   Data          96  libspace.o(.bss)
    __temporary_stack_top$libspace           0x200000f8   Data           0  libspace.o(.bss)



==============================================================================

Memory Map of the image

  Image Entry point : 0x0000026d

  Load Region LR_1 (Base: 0x00000000, Size: 0x00007280, Max: 0xffffffff, ABSOLUTE)

    Execution Region ER_RO (Exec base: 0x00000000, Load base: 0x00000000, Size: 0x000071f4, Max: 0xffffffff, ABSOLUTE)

    Exec Addr    Load Addr    Size         Type   Attr      Idx    E Section Name        Object

    0x00000000   0x00000000   0x00000284   Code   RO            3  * RESET               startup.o
    0x00000284   0x00000284   0x00000008   Code   RO          515  * !!!main             c_w.l(__main.o)
    0x0000028c   0x0000028c   0x00000034   Code   RO          672    !!!scatter          c_w.l(__scatter.o)
    0x000002c0   0x000002c0   0x0000001a   Code   RO          674    !!handler_copy      c_w.l(__scatter_copy.o)
    0x000002da   0x000002da   0x00000002   PAD
    0x000002dc   0x000002dc   0x0000001c   Code   RO          676    !!handler_zi        c_w.l(__scatter_zi.o)
    0x000002f8   0x000002f8   0x00000002   Code   RO          542    .ARM.Collect$$libinit$$00000000  c_w.l(libinit.o)
    0x000002fa   0x000002fa   0x00000000   Code   RO          549    .ARM.Collect$$libinit$$00000002  c_w.l(libinit2.o)
    0x000002fa   0x000002fa   0x00000000   Code   RO          551    .ARM.Collect$$libinit$$00000004  c_w.l(libinit2.o)
    0x000002fa   0x000002fa   0x00000000   Code   RO          554    .ARM.Collect$$libinit$$0000000A  c_w.l(libinit2.o)
    0x000002fa   0x000002fa   0x00000000   Code   RO          556    .ARM.Collect$$libinit$$0000000C  c_w.l(libinit2.o)
    0x000002fa   0x000002fa   0x00000000   Code   RO          558    .ARM.Collect$$libinit$$0000000E  c_w.l(libinit2.o)
    0x000002fa   0x000002fa   0x00000000   Code   RO          561    .ARM.Collect$$libinit$$00000011  c_w.l(libinit2.o)
    0x000002fa   0x000002fa   0x00000000   Code   RO          563    .ARM.Collect$$libinit$$00000013  c_w.l(libinit2.o)
    0x000002fa   0x000002fa   0x00000000   Code   RO          565    .ARM.Collect$$libinit$$00000015  c_w.l(libinit2.o)
    0x000002fa   0x000002fa   0x00000000   Code   RO          567    .ARM.Collect$$libinit$$00000017  c_w.l(libinit2.o)
    0x000002fa   0x000002fa   0x00000000   Code   RO          569    .ARM.Collect$$libinit$$00000019  c_w.l(libinit2.o)
    0x000002fa   0x000002fa   0x00000000   Code   RO          571    .ARM.Collect$$libinit$$0000001B  c_w.l(libinit2.o)
    0x000002fa   0x000002fa   0x00000000   Code   RO          573    .ARM.Collect$$libinit$$0000001D  c_w.l(libinit2.o)
    0x000002fa   0x000002fa   0x00000000   Code   RO          575    .ARM.Collect$$libinit$$0000001F  c_w.l(libinit2.o)
    0x000002fa   0x000002fa   0x00000000   Code   RO          577    .ARM.Collect$$libinit$$00000021  c_w.l(libinit2.o)
    0x000002fa   0x000002fa   0x00000000   Code   RO          579    .ARM.Collect$$libinit$$00000023  c_w.l(libinit2.o)
    0x000002fa   0x000002fa   0x00000000   Code   RO          581    .ARM.Collect$$libinit$$00000025  c_w.l(libinit2.o)
    0x000002fa   0x000002fa   0x00000000   Code   RO          585    .ARM.Collect$$libinit$$0000002C  c_w.l(libinit2.o)
    0x000002fa   0x000002fa   0x00000000   Code   RO          587    .ARM.Collect$$libinit$$0000002E  c_w.l(libinit2.o)
    0x000002fa   0x000002fa   0x00000000   Code   RO          589    .ARM.Collect$$libinit$$00000030  c_w.l(libinit2.o)
    0x000002fa   0x000002fa   0x00000000   Code   RO          591    .ARM.Collect$$libinit$$00000032  c_w.l(libinit2.o)
    0x000002fa   0x000002fa   0x00000002   Code   RO          592    .ARM.Collect$$libinit$$00000033  c_w.l(libinit2.o)
    0x000002fc   0x000002fc   0x00000002   Code   RO          612    .ARM.Collect$$libshutdown$$00000000  c_w.l(libshutdown.o)
    0x000002fe   0x000002fe   0x00000000   Code   RO          625    .ARM.Collect$$libshutdown$$00000002  c_w.l(libshutdown2.o)
    0x000002fe   0x000002fe   0x00000000   Code   RO          627    .ARM.Collect$$libshutdown$$00000004  c_w.l(libshutdown2.o)
    0x000002fe   0x000002fe   0x00000000   Code   RO          630    .ARM.Collect$$libshutdown$$00000007  c_w.l(libshutdown2.o)
    0x000002fe   0x000002fe   0x00000000   Code   RO          633    .ARM.Collect$$libshutdown$$0000000A  c_w.l(libshutdown2.o)
    0x000002fe   0x000002fe   0x00000000   Code   RO          635    .ARM.Collect$$libshutdown$$0000000C  c_w.l(libshutdown2.o)
    0x000002fe   0x000002fe   0x00000000   Code   RO          638    .ARM.Collect$$libshutdown$$0000000F  c_w.l(libshutdown2.o)
    0x000002fe   0x000002fe   0x00000002   Code   RO          639    .ARM.Collect$$libshutdown$$00000010  c_w.l(libshutdown2.o)
    0x00000300   0x00000300   0x00000000   Code   RO          517    .ARM.Collect$$rtentry$$00000000  c_w.l(__rtentry.o)
    0x00000300   0x00000300   0x00000000   Code   RO          519    .ARM.Collect$$rtentry$$00000002  c_w.l(__rtentry2.o)
    0x00000300   0x00000300   0x00000006   Code   RO          531    .ARM.Collect$$rtentry$$00000004  c_w.l(__rtentry4.o)
    0x00000306   0x00000306   0x00000000   Code   RO          521    .ARM.Collect$$rtentry$$00000009  c_w.l(__rtentry2.o)
    0x00000306   0x00000306   0x00000004   Code   RO          522    .ARM.Collect$$rtentry$$0000000A  c_w.l(__rtentry2.o)
    0x0000030a   0x0000030a   0x00000000   Code   RO          524    .ARM.Collect$$rtentry$$0000000C  c_w.l(__rtentry2.o)
    0x0000030a   0x0000030a   0x00000008   Code   RO          525    .ARM.Collect$$rtentry$$0000000D  c_w.l(__rtentry2.o)
    0x00000312   0x00000312   0x00000002   Code   RO          546    .ARM.Collect$$rtexit$$00000000  c_w.l(rtexit.o)
    0x00000314   0x00000314   0x00000000   Code   RO          594    .ARM.Collect$$rtexit$$00000002  c_w.l(rtexit2.o)
    0x00000314   0x00000314   0x00000004   Code   RO          595    .ARM.Collect$$rtexit$$00000003  c_w.l(rtexit2.o)
    0x00000318   0x00000318   0x00000006   Code   RO          596    .ARM.Collect$$rtexit$$00000004  c_w.l(rtexit2.o)
    0x0000031e   0x0000031e   0x00000002   PAD
    0x00000320   0x00000320   0x00000030   Code   RO            4    .text               startup.o
    0x00000350   0x00000350   0x00000006   Code   RO          513    .text               c_w.l(heapauxi.o)
    0x00000356   0x00000356   0x0000004a   Code   RO          533    .text               c_w.l(sys_stackheap_outer.o)
    0x000003a0   0x000003a0   0x00000012   Code   RO          535    .text               c_w.l(exit.o)
    0x000003b2   0x000003b2   0x00000002   PAD
    0x000003b4   0x000003b4   0x00000008   Code   RO          543    .text               c_w.l(libspace.o)
    0x000003bc   0x000003bc   0x0000000c   Code   RO          604    .text               c_w.l(sys_exit.o)
    0x000003c8   0x000003c8   0x00000002   Code   RO          615    .text               c_w.l(use_no_semi.o)
    0x000003ca   0x000003ca   0x00000000   Code   RO          617    .text               c_w.l(indicate_semi.o)
    0x000003ca   0x000003ca   0x00000002   PAD
    0x000003cc   0x000003cc   0x00000098   Code   RO           12    i.Board_Init        periodicsystickints.o
    0x00000464   0x00000464   0x0000000c   Code   RO           13    i.Board_Input       periodicsystickints.o
    0x00000470   0x00000470   0x00000020   Code   RO           14    i.Delay1ms          periodicsystickints.o
    0x00000490   0x00000490   0x00000668   Code   RO           15    i.DrawTime          periodicsystickints.o
    0x00000af8   0x00000af8   0x0000007c   Code   RO          478    i.PLL_Init          pll.o
    0x00000b74   0x00000b74   0x00000124   Code   RO           24    i.ST7735_DrawBitmap  periodicsystickints.o
    0x00000c98   0x00000c98   0x000000f8   Code   RO           26    i.ST7735_DrawCharS  periodicsystickints.o
    0x00000d90   0x00000d90   0x0000004c   Code   RO           30    i.ST7735_DrawPixel  periodicsystickints.o
    0x00000ddc   0x00000ddc   0x00000054   Code   RO           32    i.ST7735_DrawString  periodicsystickints.o
    0x00000e30   0x00000e30   0x000000b0   Code   RO           33    i.ST7735_FillRect   periodicsystickints.o
    0x00000ee0   0x00000ee0   0x00000024   Code   RO           34    i.ST7735_FillScreen  periodicsystickints.o
    0x00000f04   0x00000f04   0x0000007c   Code   RO           36    i.ST7735_InitR      periodicsystickints.o
    0x00000f80   0x00000f80   0x0000007e   Code   RO           38    i.ST7735_Line       periodicsystickints.o
    0x00000ffe   0x00000ffe   0x00000002   PAD
    0x00001000   0x00001000   0x000000d4   Code   RO           39    i.ST7735_OutChar    periodicsystickints.o
    0x000010d4   0x000010d4   0x00000016   Code   RO           40    i.ST7735_OutString  periodicsystickints.o
    0x000010ea   0x000010ea   0x00000002   PAD
    0x000010ec   0x000010ec   0x0000008c   Code   RO           41    i.ST7735_OutUDec    periodicsystickints.o
    0x00001178   0x00001178   0x00000020   Code   RO           50    i.ST7735_SetCursor  periodicsystickints.o
    0x00001198   0x00001198   0x0000000c   Code   RO           52    i.ST7735_SetTextColor  periodicsystickints.o
    0x000011a4   0x000011a4   0x00000070   Code   RO           56    i.Switch_Init       periodicsystickints.o
    0x00001214   0x00001214   0x00000070   Code   RO           57    i.Switch_Init3      periodicsystickints.o
    0x00001284   0x00001284   0x0000000c   Code   RO           60    i.Switch_Input3     periodicsystickints.o
    0x00001290   0x00001290   0x0000014c   Code   RO           61    i.SysTick_Handler   periodicsystickints.o
    0x000013dc   0x000013dc   0x00000040   Code   RO          496    i.SysTick_Init      systickints.o
    0x0000141c   0x0000141c   0x00000056   Code   RO           62    i.commandList       periodicsystickints.o
    0x00001472   0x00001472   0x00000002   PAD
    0x00001474   0x00001474   0x00000188   Code   RO           63    i.commonInit        periodicsystickints.o
    0x000015fc   0x000015fc   0x0000001c   Code   RO           64    i.deselect          periodicsystickints.o
    0x00001618   0x00001618   0x00000048   Code   RO           67    i.fillmessage       periodicsystickints.o
    0x00001660   0x00001660   0x00000078   Code   RO           73    i.initLCD           periodicsystickints.o
    0x000016d8   0x000016d8   0x0000020c   Code   RO           74    i.main              periodicsystickints.o
    0x000018e4   0x000018e4   0x000000a6   Code   RO           75    i.plotLineX         periodicsystickints.o
    0x0000198a   0x0000198a   0x000000a4   Code   RO           76    i.plotLineY         periodicsystickints.o
    0x00001a2e   0x00001a2e   0x00000012   Code   RO           77    i.pushColor         periodicsystickints.o
    0x00001a40   0x00001a40   0x00000074   Code   RO           78    i.setAddrWindow     periodicsystickints.o
    0x00001ab4   0x00001ab4   0x0000005c   Code   RO           79    i.toggleAlarm       periodicsystickints.o
    0x00001b10   0x00001b10   0x00000038   Code   RO           82    i.writecommand      periodicsystickints.o
    0x00001b48   0x00001b48   0x00000024   Code   RO           83    i.writedata         periodicsystickints.o
    0x00001b6c   0x00001b6c   0x00005662   Data   RO           85    .constdata          periodicsystickints.o
    0x000071ce   0x000071ce   0x00000002   PAD
    0x000071d0   0x000071d0   0x00000003   Data   RO           86    .conststring        periodicsystickints.o
    0x000071d3   0x000071d3   0x00000001   PAD
    0x000071d4   0x000071d4   0x00000020   Data   RO          670    Region$$Table       anon$$obj.o


    Execution Region ER_RW (Exec base: 0x20000000, Load base: 0x000071f4, Size: 0x0000008c, Max: 0xffffffff, ABSOLUTE)

    Exec Addr    Load Addr    Size         Type   Attr      Idx    E Section Name        Object

    0x20000000   0x000071f4   0x0000008c   Data   RW           87    .data               periodicsystickints.o


    Execution Region ER_ZI (Exec base: 0x2000008c, Load base: 0x00007280, Size: 0x0000046c, Max: 0xffffffff, ABSOLUTE)

    Exec Addr    Load Addr    Size         Type   Attr      Idx    E Section Name        Object

    0x2000008c        -       0x0000000c   Zero   RW           84    .bss                periodicsystickints.o
    0x20000098        -       0x00000060   Zero   RW          544    .bss                c_w.l(libspace.o)
    0x200000f8        -       0x00000000   Zero   RW            2    HEAP                startup.o
    0x200000f8        -       0x00000400   Zero   RW            1    STACK               startup.o


==============================================================================

Image component sizes


      Code (inc. data)   RO Data    RW Data    ZI Data      Debug   Object Name

      5854        656      22117        140         12      31391   periodicsystickints.o
       124          4          0          0          0        467   pll.o
       692        632          0          0       1024        988   startup.o
        64          6          0          0          0        531   systickints.o

    ----------------------------------------------------------------------
      6740       1298      22152        140       1036      33377   Object Totals
         0          0         32          0          0          0   (incl. Generated)
         6          0          3          0          0          0   (incl. Padding)

    ----------------------------------------------------------------------

      Code (inc. data)   RO Data    RW Data    ZI Data      Debug   Library Member Name

         8          0          0          0          0         68   __main.o
         0          0          0          0          0          0   __rtentry.o
        12          0          0          0          0          0   __rtentry2.o
         6          0          0          0          0          0   __rtentry4.o
        52          8          0          0          0          0   __scatter.o
        26          0          0          0          0          0   __scatter_copy.o
        28          0          0          0          0          0   __scatter_zi.o
        18          0          0          0          0         80   exit.o
         6          0          0          0          0        152   heapauxi.o
         0          0          0          0          0          0   indicate_semi.o
         2          0          0          0          0          0   libinit.o
         2          0          0          0          0          0   libinit2.o
         2          0          0          0          0          0   libshutdown.o
         2          0          0          0          0          0   libshutdown2.o
         8          4          0          0         96         68   libspace.o
         2          0          0          0          0          0   rtexit.o
        10          0          0          0          0          0   rtexit2.o
        12          4          0          0          0         68   sys_exit.o
        74          0          0          0          0         80   sys_stackheap_outer.o
         2          0          0          0          0         68   use_no_semi.o

    ----------------------------------------------------------------------
       280         16          0          0         96        584   Library Totals
         8          0          0          0          0          0   (incl. Padding)

    ----------------------------------------------------------------------

      Code (inc. data)   RO Data    RW Data    ZI Data      Debug   Library Name

       272         16          0          0         96        584   c_w.l

    ----------------------------------------------------------------------
       280         16          0          0         96        584   Library Totals

    ----------------------------------------------------------------------

==============================================================================


      Code (inc. data)   RO Data    RW Data    ZI Data      Debug   

      7020       1314      22152        140       1132      32189   Grand Totals
      7020       1314      22152        140       1132      32189   ELF Image Totals
      7020       1314      22152        140          0          0   ROM Totals

==============================================================================

    Total RO  Size (Code + RO Data)                29172 (  28.49kB)
    Total RW  Size (RW Data + ZI Data)              1272 (   1.24kB)
    Total ROM Size (Code + RO Data + RW Data)      29312 (  28.63kB)

==============================================================================

